<html>
<body>
<pre>
<h1>µVision Build Log</h1>
<h2>Tool Versions:</h2>
IDE-Version: µVision V5.33.0.0
Copyright (C) 2020 ARM Ltd and ARM Germany GmbH. All rights reserved.
License Information: Alfonso Ramírez, upm, LIC=----
 
Tool Versions:
Toolchain:       MDK-Lite  Version: 5.33.0.0
Toolchain Path:  C:\Keil_v5\ARM\ARMCC\Bin
C Compiler:      Armcc.exe V5.06 update 7 (build 960)
Assembler:       Armasm.exe V5.06 update 7 (build 960)
Linker/Locator:  ArmLink.exe V5.06 update 7 (build 960)
Library Manager: ArmAr.exe V5.06 update 7 (build 960)
Hex Converter:   FromElf.exe V5.06 update 7 (build 960)
CPU DLL:         SARMCM3.DLL V5.33.0.0
Dialog DLL:      DCM.DLL V1.17.3.0
Target DLL:      STLink\ST-LINKIII-KEIL_SWO.dll V3.0.8.0
Dialog DLL:      TCM.DLL V1.48.0.0
 
<h2>Project:</h2>
C:\Users\alfon\Documents\STRDLab\STM32\Pinicio\MDK-ARM\P3CAN.uvprojx
Project File Date:  03/26/2021

<h2>Output:</h2>
*** Using Compiler 'V5.06 update 7 (build 960)', folder: 'C:\Keil_v5\ARM\ARMCC\Bin'
Build target 'P3CAN'
compiling main.c...
../Inc/speed.h(29): warning:  #1-D: last line of file ends without a newline
  #endif /* SPEED_H */
../Inc/distance.h(27): warning:  #1-D: last line of file ends without a newline
  #endif /* DISTANCE_H */
../Inc/uss.h(25): warning:  #1-D: last line of file ends without a newline
  #endif
../Src/main.c(131): warning:  #1035-D: single-precision operand implicitly converted to double-precision
      distance = (float) USS_read_distance() * 0.00171821;
../Src/main.c(167): warning:  #188-D: enumerated type mixed with another type
  					HAL_GPIO_WritePin(GPIOA, GPIO_PIN_8, 0);
../Src/main.c(169): warning:  #188-D: enumerated type mixed with another type
  				HAL_GPIO_WritePin(GPIOA, GPIO_PIN_8,1);
../Src/main.c: 6 warnings, 0 errors
linking...
Program Size: Code=17564 RO-data=596 RW-data=144 ZI-data=16888  
FromELF: creating hex file...
"P3CAN\P3CAN.axf" - 0 Error(s), 6 Warning(s).

<h2>Software Packages used:</h2>

Package Vendor: ARM
                http://www.keil.com/pack/ARM.CMSIS.5.7.0.pack
                ARM.CMSIS.5.7.0
                CMSIS (Cortex Microcontroller Software Interface Standard)
   * Component: CORE Version: 5.4.0

Package Vendor: Keil
                http://www.keil.com/pack/Keil.STM32F4xx_DFP.2.15.0.pack
                Keil.STM32F4xx_DFP.2.15.0
                STMicroelectronics STM32F4 Series Device Support, Drivers and Examples

<h2>Collection of Component include folders:</h2>
  .\RTE\_P3CAN
  C:\Users\alfon\AppData\Local\Arm\Packs\ARM\CMSIS\5.7.0\CMSIS\Core\Include
  C:\Users\alfon\AppData\Local\Arm\Packs\Keil\STM32F4xx_DFP\2.15.0\Drivers\CMSIS\Device\ST\STM32F4xx\Include

<h2>Collection of Component Files used:</h2>

   * Component: ARM::CMSIS:CORE:5.4.0
Build Time Elapsed:  00:00:02
</pre>
</body>
</html>
