Component: ARM Compiler 5.06 update 7 (build 960) Tool: armlink [4d3601]

==============================================================================

Section Cross References

    startup_stm32f407xx.o(RESET) refers to startup_stm32f407xx.o(STACK) for __initial_sp
    startup_stm32f407xx.o(RESET) refers to startup_stm32f407xx.o(.text) for Reset_Handler
    startup_stm32f407xx.o(RESET) refers to stm32f4xx_it.o(i.NMI_Handler) for NMI_Handler
    startup_stm32f407xx.o(RESET) refers to stm32f4xx_it.o(i.HardFault_Handler) for HardFault_Handler
    startup_stm32f407xx.o(RESET) refers to stm32f4xx_it.o(i.MemManage_Handler) for MemManage_Handler
    startup_stm32f407xx.o(RESET) refers to stm32f4xx_it.o(i.BusFault_Handler) for BusFault_Handler
    startup_stm32f407xx.o(RESET) refers to stm32f4xx_it.o(i.UsageFault_Handler) for UsageFault_Handler
    startup_stm32f407xx.o(RESET) refers to port.o(.emb_text) for SVC_Handler
    startup_stm32f407xx.o(RESET) refers to stm32f4xx_it.o(i.DebugMon_Handler) for DebugMon_Handler
    startup_stm32f407xx.o(RESET) refers to port.o(i.SysTick_Handler) for SysTick_Handler
    startup_stm32f407xx.o(RESET) refers to stm32f4xx_it.o(i.EXTI0_IRQHandler) for EXTI0_IRQHandler
    startup_stm32f407xx.o(RESET) refers to stm32f4xx_it.o(i.EXTI3_IRQHandler) for EXTI3_IRQHandler
    startup_stm32f407xx.o(RESET) refers to stm32f4xx_it.o(i.CAN1_RX0_IRQHandler) for CAN1_RX0_IRQHandler
    startup_stm32f407xx.o(RESET) refers to stm32f4xx_it.o(i.TIM1_UP_TIM10_IRQHandler) for TIM1_UP_TIM10_IRQHandler
    startup_stm32f407xx.o(.text) refers to system_stm32f4xx.o(i.SystemInit) for SystemInit
    startup_stm32f407xx.o(.text) refers to entry.o(.ARM.Collect$$$$00000000) for __main
    main.o(i.HAL_TIM_PeriodElapsedCallback) refers to stm32f4xx_hal.o(i.HAL_IncTick) for HAL_IncTick
    main.o(i.MX_ADC1_Init) refers to stm32f4xx_hal_adc.o(i.HAL_ADC_Init) for HAL_ADC_Init
    main.o(i.MX_ADC1_Init) refers to stm32f4xx_hal_adc.o(i.HAL_ADC_ConfigChannel) for HAL_ADC_ConfigChannel
    main.o(i.MX_ADC1_Init) refers to main.o(.bss) for .bss
    main.o(i.MX_CAN1_Init) refers to stm32f4xx_hal_can.o(i.HAL_CAN_Init) for HAL_CAN_Init
    main.o(i.MX_CAN1_Init) refers to main.o(.bss) for .bss
    main.o(i.MX_GPIO_Init) refers to memseta.o(.text) for __aeabi_memclr4
    main.o(i.MX_GPIO_Init) refers to stm32f4xx_hal_gpio.o(i.HAL_GPIO_WritePin) for HAL_GPIO_WritePin
    main.o(i.MX_GPIO_Init) refers to stm32f4xx_hal_gpio.o(i.HAL_GPIO_Init) for HAL_GPIO_Init
    main.o(i.MX_GPIO_Init) refers to stm32f4xx_hal_cortex.o(i.HAL_NVIC_SetPriority) for HAL_NVIC_SetPriority
    main.o(i.MX_GPIO_Init) refers to stm32f4xx_hal_cortex.o(i.HAL_NVIC_EnableIRQ) for HAL_NVIC_EnableIRQ
    main.o(i.MX_SPI1_Init) refers to stm32f4xx_hal_spi.o(i.HAL_SPI_Init) for HAL_SPI_Init
    main.o(i.MX_SPI1_Init) refers to main.o(.bss) for .bss
    main.o(i.StartTarea1) refers to stm32f4xx_hal_gpio.o(i.HAL_GPIO_WritePin) for HAL_GPIO_WritePin
    main.o(i.StartTarea1) refers to stm32f4xx_hal_gpio.o(i.HAL_GPIO_TogglePin) for HAL_GPIO_TogglePin
    main.o(i.SystemClock_Config) refers to memseta.o(.text) for __aeabi_memclr4
    main.o(i.SystemClock_Config) refers to stm32f4xx_hal_rcc.o(i.HAL_RCC_OscConfig) for HAL_RCC_OscConfig
    main.o(i.SystemClock_Config) refers to stm32f4xx_hal_rcc.o(i.HAL_RCC_ClockConfig) for HAL_RCC_ClockConfig
    main.o(i.acelerador) refers to stm32f4xx_hal_adc.o(i.HAL_ADC_ConfigChannel) for HAL_ADC_ConfigChannel
    main.o(i.acelerador) refers to stm32f4xx_hal_adc.o(i.HAL_ADC_Start) for HAL_ADC_Start
    main.o(i.acelerador) refers to stm32f4xx_hal_adc.o(i.HAL_ADC_PollForConversion) for HAL_ADC_PollForConversion
    main.o(i.acelerador) refers to stm32f4xx_hal_adc.o(i.HAL_ADC_GetValue) for HAL_ADC_GetValue
    main.o(i.acelerador) refers to main.o(i.map) for map
    main.o(i.acelerador) refers to speed.o(i.SPEED_set) for SPEED_set
    main.o(i.acelerador) refers to cmsis_os.o(i.osDelay) for osDelay
    main.o(i.acelerador) refers to main.o(.bss) for .bss
    main.o(i.calculoDistancia) refers to main.o(i.readDistance) for readDistance
    main.o(i.calculoDistancia) refers to f2d.o(.text) for __aeabi_f2d
    main.o(i.calculoDistancia) refers to dmul.o(.text) for __aeabi_dmul
    main.o(i.calculoDistancia) refers to d2f.o(.text) for __aeabi_d2f
    main.o(i.calculoDistancia) refers to cmsis_os.o(i.osDelay) for osDelay
    main.o(i.calculoDistancia) refers to main.o(.data) for .data
    main.o(i.lucesCruce) refers to stm32f4xx_hal_gpio.o(i.HAL_GPIO_WritePin) for HAL_GPIO_WritePin
    main.o(i.lucesCruce) refers to stm32f4xx_hal_adc.o(i.HAL_ADC_ConfigChannel) for HAL_ADC_ConfigChannel
    main.o(i.lucesCruce) refers to stm32f4xx_hal_adc.o(i.HAL_ADC_Start) for HAL_ADC_Start
    main.o(i.lucesCruce) refers to stm32f4xx_hal_adc.o(i.HAL_ADC_PollForConversion) for HAL_ADC_PollForConversion
    main.o(i.lucesCruce) refers to stm32f4xx_hal_adc.o(i.HAL_ADC_GetValue) for HAL_ADC_GetValue
[...]
    Removing stm32f4xx_hal.o(i.HAL_MspDeInit), (2 bytes).
    Removing stm32f4xx_hal.o(i.HAL_MspInit), (2 bytes).
    Removing stm32f4xx_hal.o(i.HAL_ResumeTick), (14 bytes).
    Removing stm32f4xx_hal.o(i.HAL_SetTickFreq), (28 bytes).
    Removing stm32f4xx_hal.o(i.HAL_SuspendTick), (14 bytes).
    Removing system_stm32f4xx.o(.rev16_text), (4 bytes).
    Removing system_stm32f4xx.o(.revsh_text), (4 bytes).
    Removing system_stm32f4xx.o(.rrx_text), (6 bytes).
    Removing system_stm32f4xx.o(i.SystemCoreClockUpdate), (120 bytes).
    Removing event_groups.o(i.prvTestWaitCondition), (20 bytes).
    Removing event_groups.o(i.vEventGroupClearBitsCallback), (4 bytes).
    Removing event_groups.o(i.vEventGroupDelete), (70 bytes).
    Removing event_groups.o(i.vEventGroupSetBitsCallback), (4 bytes).
    Removing event_groups.o(i.xEventGroupClearBits), (64 bytes).
    Removing event_groups.o(i.xEventGroupCreate), (26 bytes).
    Removing event_groups.o(i.xEventGroupGetBitsFromISR), (26 bytes).
    Removing event_groups.o(i.xEventGroupSetBits), (140 bytes).
    Removing event_groups.o(i.xEventGroupSync), (204 bytes).
    Removing event_groups.o(i.xEventGroupWaitBits), (264 bytes).
    Removing queue.o(i.pcQueueGetName), (40 bytes).
    Removing queue.o(i.uxQueueMessagesWaiting), (36 bytes).
    Removing queue.o(i.uxQueueMessagesWaitingFromISR), (22 bytes).
    Removing queue.o(i.uxQueueSpacesAvailable), (40 bytes).
    Removing queue.o(i.vQueueAddToRegistry), (40 bytes).
    Removing queue.o(i.vQueueDelete), (36 bytes).
    Removing queue.o(i.vQueueUnregisterQueue), (40 bytes).
    Removing queue.o(i.xQueueGenericSendFromISR), (188 bytes).
    Removing queue.o(i.xQueueGiveFromISR), (156 bytes).
    Removing queue.o(i.xQueueIsQueueEmptyFromISR), (30 bytes).
    Removing queue.o(i.xQueueIsQueueFullFromISR), (34 bytes).
    Removing queue.o(i.xQueuePeekFromISR), (116 bytes).
    Removing queue.o(i.xQueueReceiveFromISR), (154 bytes).
    Removing queue.o(.bss), (64 bytes).
    Removing tasks.o(i.pcTaskGetName), (32 bytes).
    Removing tasks.o(i.prvTaskIsTaskSuspended), (52 bytes).
    Removing tasks.o(i.ulTaskNotifyTake), (104 bytes).
    Removing tasks.o(i.uxTaskGetNumberOfTasks), (12 bytes).
    Removing tasks.o(i.uxTaskPriorityGet), (28 bytes).
    Removing tasks.o(i.uxTaskPriorityGetFromISR), (44 bytes).
    Removing tasks.o(i.uxTaskResetEventItemValue), (24 bytes).
    Removing tasks.o(i.vTaskDelayUntil), (140 bytes).
    Removing tasks.o(i.vTaskDelete), (172 bytes).
    Removing tasks.o(i.vTaskEndScheduler), (28 bytes).
    Removing tasks.o(i.vTaskNotifyGiveFromISR), (184 bytes).
    Removing tasks.o(i.vTaskPlaceOnUnorderedEventList), (80 bytes).
    Removing tasks.o(i.vTaskPrioritySet), (196 bytes).
    Removing tasks.o(i.vTaskResume), (124 bytes).
    Removing tasks.o(i.vTaskSuspend), (176 bytes).
    Removing tasks.o(i.xTaskGenericNotify), (204 bytes).
    Removing tasks.o(i.xTaskGenericNotifyFromISR), (240 bytes).
    Removing tasks.o(i.xTaskGetCurrentTaskHandle), (12 bytes).
    Removing tasks.o(i.xTaskGetTickCount), (12 bytes).
    Removing tasks.o(i.xTaskGetTickCountFromISR), (16 bytes).
    Removing tasks.o(i.xTaskNotifyStateClear), (52 bytes).
    Removing tasks.o(i.xTaskNotifyWait), (140 bytes).
    Removing tasks.o(i.xTaskRemoveFromUnorderedEventList), (120 bytes).
    Removing tasks.o(i.xTaskResumeFromISR), (136 bytes).
    Removing cmsis_os.o(.rev16_text), (4 bytes).
    Removing cmsis_os.o(.revsh_text), (4 bytes).
    Removing cmsis_os.o(i.inHandlerMode), (12 bytes).
    Removing cmsis_os.o(i.makeCmsisPriority), (14 bytes).
    Removing cmsis_os.o(i.makeFreeRtosPriority), (12 bytes).
    Removing cmsis_os.o(i.osAbortDelay), (4 bytes).
    Removing cmsis_os.o(i.osDelayUntil), (14 bytes).
    Removing cmsis_os.o(i.osKernelRunning), (18 bytes).
    Removing cmsis_os.o(i.osKernelStart), (10 bytes).
    Removing cmsis_os.o(i.osKernelSysTick), (24 bytes).
    Removing cmsis_os.o(i.osMailAlloc), (12 bytes).
    Removing cmsis_os.o(i.osMailCAlloc), (32 bytes).
    Removing cmsis_os.o(i.osMailCreate), (92 bytes).
    Removing cmsis_os.o(i.osMailFree), (12 bytes).
    Removing cmsis_os.o(i.osMailGet), (148 bytes).
    Removing cmsis_os.o(i.osMailPut), (92 bytes).
    Removing cmsis_os.o(i.osMessageAvailableSpace), (4 bytes).
    Removing cmsis_os.o(i.osMessageCreate), (8 bytes).
    Removing cmsis_os.o(i.osMessageDelete), (24 bytes).
    Removing cmsis_os.o(i.osMessageGet), (152 bytes).
    Removing cmsis_os.o(i.osMessagePeek), (78 bytes).
    Removing cmsis_os.o(i.osMessagePut), (92 bytes).
    Removing cmsis_os.o(i.osMessageWaiting), (30 bytes).
    Removing cmsis_os.o(i.osMutexDelete), (24 bytes).
    Removing cmsis_os.o(i.osMutexRelease), (80 bytes).
    Removing cmsis_os.o(i.osMutexWait), (104 bytes).
    Removing cmsis_os.o(i.osPoolAlloc), (106 bytes).
    Removing cmsis_os.o(i.osPoolCAlloc), (16 bytes).
    Removing cmsis_os.o(i.osPoolCreate), (94 bytes).
    Removing cmsis_os.o(i.osPoolFree), (48 bytes).
    Removing cmsis_os.o(i.osRecursiveMutexCreate), (4 bytes).
    Removing cmsis_os.o(i.osRecursiveMutexRelease), (4 bytes).
    Removing cmsis_os.o(i.osRecursiveMutexWait), (4 bytes).
    Removing cmsis_os.o(i.osSemaphoreCreate), (38 bytes).
    Removing cmsis_os.o(i.osSemaphoreDelete), (24 bytes).
    Removing cmsis_os.o(i.osSemaphoreGetCount), (4 bytes).
    Removing cmsis_os.o(i.osSemaphoreRelease), (80 bytes).
    Removing cmsis_os.o(i.osSemaphoreWait), (104 bytes).
    Removing cmsis_os.o(i.osSignalSet), (92 bytes).
    Removing cmsis_os.o(i.osSignalWait), (86 bytes).
    Removing cmsis_os.o(i.osSystickHandler), (20 bytes).
    Removing cmsis_os.o(i.osThreadCreate), (46 bytes).
    Removing cmsis_os.o(i.osThreadGetId), (4 bytes).
    Removing cmsis_os.o(i.osThreadGetPriority), (32 bytes).
    Removing cmsis_os.o(i.osThreadList), (4 bytes).
    Removing cmsis_os.o(i.osThreadResume), (52 bytes).
    Removing cmsis_os.o(i.osThreadResumeAll), (18 bytes).
    Removing cmsis_os.o(i.osThreadSetPriority), (22 bytes).
    Removing cmsis_os.o(i.osThreadSuspend), (10 bytes).
    Removing cmsis_os.o(i.osThreadSuspendAll), (10 bytes).
    Removing cmsis_os.o(i.osThreadTerminate), (10 bytes).
    Removing cmsis_os.o(i.osThreadYield), (24 bytes).
    Removing cmsis_os.o(i.osTimerCreate), (4 bytes).
    Removing cmsis_os.o(i.osTimerDelete), (4 bytes).
    Removing cmsis_os.o(i.osTimerStart), (4 bytes).
    Removing cmsis_os.o(i.osTimerStop), (4 bytes).
    Removing heap_4.o(i.vPortInitialiseBlocks), (2 bytes).
    Removing heap_4.o(i.xPortGetFreeHeapSize), (12 bytes).
    Removing heap_4.o(i.xPortGetMinimumEverFreeHeapSize), (12 bytes).
    Removing port.o(i.vPortEndScheduler), (32 bytes).
    Removing port.o(i.vPortValidateInterruptPriority), (84 bytes).
    Removing locki.o(i.ILOCK_read), (4 bytes).

564 unused section(s) (total 36528 bytes) removed from the image.

==============================================================================

Image Symbol Table

    Local Symbols

    Symbol Name                              Value     Ov Type        Size  Object(Section)

    ../Drivers/STM32F4xx_HAL_Driver/Src/stm32f4xx_hal.c 0x00000000   Number         0  stm32f4xx_hal.o ABSOLUTE
    ../Drivers/STM32F4xx_HAL_Driver/Src/stm32f4xx_hal_adc.c 0x00000000   Number         0  stm32f4xx_hal_adc.o ABSOLUTE
    ../Drivers/STM32F4xx_HAL_Driver/Src/stm32f4xx_hal_adc_ex.c 0x00000000   Number         0  stm32f4xx_hal_adc_ex.o ABSOLUTE
    ../Drivers/STM32F4xx_HAL_Driver/Src/stm32f4xx_hal_can.c 0x00000000   Number         0  stm32f4xx_hal_can.o ABSOLUTE
    ../Drivers/STM32F4xx_HAL_Driver/Src/stm32f4xx_hal_cortex.c 0x00000000   Number         0  stm32f4xx_hal_cortex.o ABSOLUTE
    ../Drivers/STM32F4xx_HAL_Driver/Src/stm32f4xx_hal_dma.c 0x00000000   Number         0  stm32f4xx_hal_dma.o ABSOLUTE
    ../Drivers/STM32F4xx_HAL_Driver/Src/stm32f4xx_hal_dma_ex.c 0x00000000   Number         0  stm32f4xx_hal_dma_ex.o ABSOLUTE
    ../Drivers/STM32F4xx_HAL_Driver/Src/stm32f4xx_hal_flash.c 0x00000000   Number         0  stm32f4xx_hal_flash.o ABSOLUTE
    ../Drivers/STM32F4xx_HAL_Driver/Src/stm32f4xx_hal_flash_ex.c 0x00000000   Number         0  stm32f4xx_hal_flash_ex.o ABSOLUTE
    ../Drivers/STM32F4xx_HAL_Driver/Src/stm32f4xx_hal_flash_ramfunc.c 0x00000000   Number         0  stm32f4xx_hal_flash_ramfunc.o ABSOLUTE
    ../Drivers/STM32F4xx_HAL_Driver/Src/stm32f4xx_hal_gpio.c 0x00000000   Number         0  stm32f4xx_hal_gpio.o ABSOLUTE
    ../Drivers/STM32F4xx_HAL_Driver/Src/stm32f4xx_hal_pwr.c 0x00000000   Number         0  stm32f4xx_hal_pwr.o ABSOLUTE
    ../Drivers/STM32F4xx_HAL_Driver/Src/stm32f4xx_hal_pwr_ex.c 0x00000000   Number         0  stm32f4xx_hal_pwr_ex.o ABSOLUTE
    ../Drivers/STM32F4xx_HAL_Driver/Src/stm32f4xx_hal_rcc.c 0x00000000   Number         0  stm32f4xx_hal_rcc.o ABSOLUTE
    ../Drivers/STM32F4xx_HAL_Driver/Src/stm32f4xx_hal_rcc_ex.c 0x00000000   Number         0  stm32f4xx_hal_rcc_ex.o ABSOLUTE
    ../Drivers/STM32F4xx_HAL_Driver/Src/stm32f4xx_hal_spi.c 0x00000000   Number         0  stm32f4xx_hal_spi.o ABSOLUTE
    ../Drivers/STM32F4xx_HAL_Driver/Src/stm32f4xx_hal_tim.c 0x00000000   Number         0  stm32f4xx_hal_tim.o ABSOLUTE
    ../Drivers/STM32F4xx_HAL_Driver/Src/stm32f4xx_hal_tim_ex.c 0x00000000   Number         0  stm32f4xx_hal_tim_ex.o ABSOLUTE
    ../Middlewares/Third_Party/FreeRTOS/Source/CMSIS_RTOS/cmsis_os.c 0x00000000   Number         0  cmsis_os.o ABSOLUTE
    ../Middlewares/Third_Party/FreeRTOS/Source/croutine.c 0x00000000   Number         0  croutine.o ABSOLUTE
    ../Middlewares/Third_Party/FreeRTOS/Source/event_groups.c 0x00000000   Number         0  event_groups.o ABSOLUTE
    ../Middlewares/Third_Party/FreeRTOS/Source/list.c 0x00000000   Number         0  list.o ABSOLUTE
    ../Middlewares/Third_Party/FreeRTOS/Source/portable/MemMang/heap_4.c 0x00000000   Number         0  heap_4.o ABSOLUTE
    ../Middlewares/Third_Party/FreeRTOS/Source/portable/RVDS/ARM_CM4F/port.c 0x00000000   Number         0  port.o ABSOLUTE
    ../Middlewares/Third_Party/FreeRTOS/Source/queue.c 0x00000000   Number         0  queue.o ABSOLUTE
    ../Middlewares/Third_Party/FreeRTOS/Source/tasks.c 0x00000000   Number         0  tasks.o ABSOLUTE
    ../Middlewares/Third_Party/FreeRTOS/Source/timers.c 0x00000000   Number         0  timers.o ABSOLUTE
    ../Src/freertos.c                        0x00000000   Number         0  freertos.o ABSOLUTE
    ../Src/main.c                            0x00000000   Number         0  main.o ABSOLUTE
    ../Src/stm32f4xx_hal_msp.c               0x00000000   Number         0  stm32f4xx_hal_msp.o ABSOLUTE
    ../Src/stm32f4xx_hal_timebase_tim.c      0x00000000   Number         0  stm32f4xx_hal_timebase_tim.o ABSOLUTE
    ../Src/stm32f4xx_it.c                    0x00000000   Number         0  stm32f4xx_it.o ABSOLUTE
    ../Src/system_stm32f4xx.c                0x00000000   Number         0  system_stm32f4xx.o ABSOLUTE
    ../clib/microlib/division.c              0x00000000   Number         0  uldiv.o ABSOLUTE
    ../clib/microlib/init/entry.s            0x00000000   Number         0  entry.o ABSOLUTE
    ../clib/microlib/init/entry.s            0x00000000   Number         0  entry7a.o ABSOLUTE
    ../clib/microlib/init/entry.s            0x00000000   Number         0  entry12b.o ABSOLUTE
    ../clib/microlib/init/entry.s            0x00000000   Number         0  entry12a.o ABSOLUTE
    ../clib/microlib/init/entry.s            0x00000000   Number         0  entry11b.o ABSOLUTE
    ../clib/microlib/init/entry.s            0x00000000   Number         0  entry11a.o ABSOLUTE
    ../clib/microlib/init/entry.s            0x00000000   Number         0  entry10b.o ABSOLUTE
    ../clib/microlib/init/entry.s            0x00000000   Number         0  entry10a.o ABSOLUTE
    ../clib/microlib/init/entry.s            0x00000000   Number         0  entry9b.o ABSOLUTE
    ../clib/microlib/init/entry.s            0x00000000   Number         0  entry9a.o ABSOLUTE
    ../clib/microlib/init/entry.s            0x00000000   Number         0  entry8b.o ABSOLUTE
    ../clib/microlib/init/entry.s            0x00000000   Number         0  entry8a.o ABSOLUTE
    ../clib/microlib/init/entry.s            0x00000000   Number         0  entry7b.o ABSOLUTE
    ../clib/microlib/init/entry.s            0x00000000   Number         0  entry5.o ABSOLUTE
    ../clib/microlib/init/entry.s            0x00000000   Number         0  entry2.o ABSOLUTE
    ../clib/microlib/longlong.c              0x00000000   Number         0  llushr.o ABSOLUTE
    ../clib/microlib/longlong.c              0x00000000   Number         0  llshl.o ABSOLUTE
    ../clib/microlib/string/memcpy.c         0x00000000   Number         0  memcpyb.o ABSOLUTE
    ../clib/microlib/string/memcpy.c         0x00000000   Number         0  memcpya.o ABSOLUTE
    ../clib/microlib/string/memset.c         0x00000000   Number         0  memseta.o ABSOLUTE
    ../clib/microlib/stubs.s                 0x00000000   Number         0  iusefp.o ABSOLUTE
    ../fplib/microlib/d2f.c                  0x00000000   Number         0  d2f.o ABSOLUTE
    ../fplib/microlib/f2d.c                  0x00000000   Number         0  f2d.o ABSOLUTE
    ../fplib/microlib/fpepilogue.c           0x00000000   Number         0  depilogue.o ABSOLUTE
    ../fplib/microlib/fpepilogue.c           0x00000000   Number         0  fepilogue.o ABSOLUTE
    ../fplib/microlib/fpmul.c                0x00000000   Number         0  dmul.o ABSOLUTE
    ..\Drivers\STM32F4xx_HAL_Driver\Src\stm32f4xx_hal.c 0x00000000   Number         0  stm32f4xx_hal.o ABSOLUTE
    ..\Drivers\STM32F4xx_HAL_Driver\Src\stm32f4xx_hal_adc.c 0x00000000   Number         0  stm32f4xx_hal_adc.o ABSOLUTE
    ..\Drivers\STM32F4xx_HAL_Driver\Src\stm32f4xx_hal_adc_ex.c 0x00000000   Number         0  stm32f4xx_hal_adc_ex.o ABSOLUTE
    ..\Drivers\STM32F4xx_HAL_Driver\Src\stm32f4xx_hal_can.c 0x00000000   Number         0  stm32f4xx_hal_can.o ABSOLUTE
    ..\Drivers\STM32F4xx_HAL_Driver\Src\stm32f4xx_hal_cortex.c 0x00000000   Number         0  stm32f4xx_hal_cortex.o ABSOLUTE
    ..\Drivers\STM32F4xx_HAL_Driver\Src\stm32f4xx_hal_dma.c 0x00000000   Number         0  stm32f4xx_hal_dma.o ABSOLUTE
    ..\Drivers\STM32F4xx_HAL_Driver\Src\stm32f4xx_hal_dma_ex.c 0x00000000   Number         0  stm32f4xx_hal_dma_ex.o ABSOLUTE
    ..\Drivers\STM32F4xx_HAL_Driver\Src\stm32f4xx_hal_flash.c 0x00000000   Number         0  stm32f4xx_hal_flash.o ABSOLUTE
    ..\Drivers\STM32F4xx_HAL_Driver\Src\stm32f4xx_hal_flash_ex.c 0x00000000   Number         0  stm32f4xx_hal_flash_ex.o ABSOLUTE
    ..\Drivers\STM32F4xx_HAL_Driver\Src\stm32f4xx_hal_flash_ramfunc.c 0x00000000   Number         0  stm32f4xx_hal_flash_ramfunc.o ABSOLUTE
    ..\Drivers\STM32F4xx_HAL_Driver\Src\stm32f4xx_hal_gpio.c 0x00000000   Number         0  stm32f4xx_hal_gpio.o ABSOLUTE
    ..\Drivers\STM32F4xx_HAL_Driver\Src\stm32f4xx_hal_pwr.c 0x00000000   Number         0  stm32f4xx_hal_pwr.o ABSOLUTE
    ..\Drivers\STM32F4xx_HAL_Driver\Src\stm32f4xx_hal_pwr_ex.c 0x00000000   Number         0  stm32f4xx_hal_pwr_ex.o ABSOLUTE
    ..\Drivers\STM32F4xx_HAL_Driver\Src\stm32f4xx_hal_rcc.c 0x00000000   Number         0  stm32f4xx_hal_rcc.o ABSOLUTE
    ..\Drivers\STM32F4xx_HAL_Driver\Src\stm32f4xx_hal_rcc_ex.c 0x00000000   Number         0  stm32f4xx_hal_rcc_ex.o ABSOLUTE
    ..\Drivers\STM32F4xx_HAL_Driver\Src\stm32f4xx_hal_spi.c 0x00000000   Number         0  stm32f4xx_hal_spi.o ABSOLUTE
    ..\Drivers\STM32F4xx_HAL_Driver\Src\stm32f4xx_hal_tim.c 0x00000000   Number         0  stm32f4xx_hal_tim.o ABSOLUTE
    ..\Drivers\STM32F4xx_HAL_Driver\Src\stm32f4xx_hal_tim_ex.c 0x00000000   Number         0  stm32f4xx_hal_tim_ex.o ABSOLUTE
    ..\Middlewares\Third_Party\FreeRTOS\Source\CMSIS_RTOS\cmsis_os.c 0x00000000   Number         0  cmsis_os.o ABSOLUTE
    ..\Middlewares\Third_Party\FreeRTOS\Source\portable\RVDS\ARM_CM4F\port.c 0x00000000   Number         0  port.o ABSOLUTE
    ..\Src\freertos.c                        0x00000000   Number         0  freertos.o ABSOLUTE
    ..\Src\lock.c                            0x00000000   Number         0  lock.o ABSOLUTE
    ..\Src\locki.c                           0x00000000   Number         0  locki.o ABSOLUTE
    ..\Src\main.c                            0x00000000   Number         0  main.o ABSOLUTE
    ..\Src\speed.c                           0x00000000   Number         0  speed.o ABSOLUTE
    ..\Src\stm32f4xx_hal_msp.c               0x00000000   Number         0  stm32f4xx_hal_msp.o ABSOLUTE
    ..\Src\stm32f4xx_hal_timebase_tim.c      0x00000000   Number         0  stm32f4xx_hal_timebase_tim.o ABSOLUTE
    ..\Src\stm32f4xx_it.c                    0x00000000   Number         0  stm32f4xx_it.o ABSOLUTE
    ..\Src\system_stm32f4xx.c                0x00000000   Number         0  system_stm32f4xx.o ABSOLUTE
    dc.s                                     0x00000000   Number         0  dc.o ABSOLUTE
    handlers.s                               0x00000000   Number         0  handlers.o ABSOLUTE
    init.s                                   0x00000000   Number         0  init.o ABSOLUTE
    startup_stm32f407xx.s                    0x00000000   Number         0  startup_stm32f407xx.o ABSOLUTE
    RESET                                    0x08000000   Section      392  startup_stm32f407xx.o(RESET)
    .ARM.Collect$$$$00000000                 0x08000188   Section        0  entry.o(.ARM.Collect$$$$00000000)
    .ARM.Collect$$$$00000001                 0x08000188   Section        4  entry2.o(.ARM.Collect$$$$00000001)
    .ARM.Collect$$$$00000004                 0x0800018c   Section        4  entry5.o(.ARM.Collect$$$$00000004)
    .ARM.Collect$$$$00000008                 0x08000190   Section        0  entry7b.o(.ARM.Collect$$$$00000008)
    .ARM.Collect$$$$0000000A                 0x08000190   Section        0  entry8b.o(.ARM.Collect$$$$0000000A)
    .ARM.Collect$$$$0000000B                 0x08000190   Section        8  entry9a.o(.ARM.Collect$$$$0000000B)
    .ARM.Collect$$$$0000000E                 0x08000198   Section        4  entry12b.o(.ARM.Collect$$$$0000000E)
    .ARM.Collect$$$$0000000F                 0x0800019c   Section        0  entry10a.o(.ARM.Collect$$$$0000000F)
    .ARM.Collect$$$$00000011                 0x0800019c   Section        0  entry11a.o(.ARM.Collect$$$$00000011)
    .ARM.Collect$$$$00002712                 0x0800019c   Section        4  entry2.o(.ARM.Collect$$$$00002712)
    __lit__00000000                          0x0800019c   Data           4  entry2.o(.ARM.Collect$$$$00002712)
    .emb_text                                0x080001a0   Section      186  port.o(.emb_text)
    $v0                                      0x080001a0   Number         0  port.o(.emb_text)
    .text                                    0x0800025c   Section       36  startup_stm32f407xx.o(.text)
    $v0                                      0x0800025c   Number         0  startup_stm32f407xx.o(.text)
    .text                                    0x08000280   Section        0  uldiv.o(.text)
    .text                                    0x080002e2   Section        0  memcpya.o(.text)
    .text                                    0x08000306   Section        0  memseta.o(.text)
    .text                                    0x0800032a   Section        0  dmul.o(.text)
    .text                                    0x0800040e   Section        0  f2d.o(.text)
    .text                                    0x08000434   Section        0  d2f.o(.text)
    .text                                    0x0800046c   Section        0  llshl.o(.text)
    .text                                    0x0800048a   Section        0  llushr.o(.text)
    .text                                    0x080004aa   Section        0  fepilogue.o(.text)
    .text                                    0x080004aa   Section        0  iusefp.o(.text)
    .text                                    0x08000518   Section        0  depilogue.o(.text)
    .text                                    0x080005d4   Section       36  init.o(.text)
    i.ADC_Init                               0x080005f8   Section        0  stm32f4xx_hal_adc.o(i.ADC_Init)
    ADC_Init                                 0x080005f9   Thumb Code   280  stm32f4xx_hal_adc.o(i.ADC_Init)
    i.BusFault_Handler                       0x0800071c   Section        0  stm32f4xx_it.o(i.BusFault_Handler)
    i.CAN1_RX0_IRQHandler                    0x08000720   Section        0  stm32f4xx_it.o(i.CAN1_RX0_IRQHandler)
    i.DebugMon_Handler                       0x0800072c   Section        0  stm32f4xx_it.o(i.DebugMon_Handler)
    i.EXTI0_IRQHandler                       0x0800072e   Section        0  stm32f4xx_it.o(i.EXTI0_IRQHandler)
    i.EXTI3_IRQHandler                       0x08000734   Section        0  stm32f4xx_it.o(i.EXTI3_IRQHandler)
    i.HAL_ADC_ConfigChannel                  0x0800073c   Section        0  stm32f4xx_hal_adc.o(i.HAL_ADC_ConfigChannel)
    i.HAL_ADC_GetValue                       0x08000888   Section        0  stm32f4xx_hal_adc.o(i.HAL_ADC_GetValue)
    i.HAL_ADC_Init                           0x0800088e   Section        0  stm32f4xx_hal_adc.o(i.HAL_ADC_Init)
    i.HAL_ADC_MspInit                        0x080008e4   Section        0  stm32f4xx_hal_msp.o(i.HAL_ADC_MspInit)
    i.HAL_ADC_PollForConversion              0x08000944   Section        0  stm32f4xx_hal_adc.o(i.HAL_ADC_PollForConversion)
    i.HAL_ADC_Start                          0x080009e8   Section        0  stm32f4xx_hal_adc.o(i.HAL_ADC_Start)
    i.HAL_CAN_ErrorCallback                  0x08000aa4   Section        0  stm32f4xx_hal_can.o(i.HAL_CAN_ErrorCallback)
    i.HAL_CAN_IRQHandler                     0x08000aa6   Section        0  stm32f4xx_hal_can.o(i.HAL_CAN_IRQHandler)
    i.HAL_CAN_Init                           0x08000ca2   Section        0  stm32f4xx_hal_can.o(i.HAL_CAN_Init)
    i.HAL_CAN_MspInit                        0x08000dbc   Section        0  stm32f4xx_hal_msp.o(i.HAL_CAN_MspInit)
    i.HAL_CAN_RxFifo0FullCallback            0x08000e38   Section        0  stm32f4xx_hal_can.o(i.HAL_CAN_RxFifo0FullCallback)
    i.HAL_CAN_RxFifo0MsgPendingCallback      0x08000e3a   Section        0  stm32f4xx_hal_can.o(i.HAL_CAN_RxFifo0MsgPendingCallback)
    i.HAL_CAN_RxFifo1FullCallback            0x08000e3c   Section        0  stm32f4xx_hal_can.o(i.HAL_CAN_RxFifo1FullCallback)
    i.HAL_CAN_RxFifo1MsgPendingCallback      0x08000e3e   Section        0  stm32f4xx_hal_can.o(i.HAL_CAN_RxFifo1MsgPendingCallback)
    i.HAL_CAN_SleepCallback                  0x08000e40   Section        0  stm32f4xx_hal_can.o(i.HAL_CAN_SleepCallback)
    i.HAL_CAN_TxMailbox0AbortCallback        0x08000e42   Section        0  stm32f4xx_hal_can.o(i.HAL_CAN_TxMailbox0AbortCallback)
    i.HAL_CAN_TxMailbox0CompleteCallback     0x08000e44   Section        0  stm32f4xx_hal_can.o(i.HAL_CAN_TxMailbox0CompleteCallback)
    i.HAL_CAN_TxMailbox1AbortCallback        0x08000e46   Section        0  stm32f4xx_hal_can.o(i.HAL_CAN_TxMailbox1AbortCallback)
    i.HAL_CAN_TxMailbox1CompleteCallback     0x08000e48   Section        0  stm32f4xx_hal_can.o(i.HAL_CAN_TxMailbox1CompleteCallback)
    i.HAL_CAN_TxMailbox2AbortCallback        0x08000e4a   Section        0  stm32f4xx_hal_can.o(i.HAL_CAN_TxMailbox2AbortCallback)
    i.HAL_CAN_TxMailbox2CompleteCallback     0x08000e4c   Section        0  stm32f4xx_hal_can.o(i.HAL_CAN_TxMailbox2CompleteCallback)
    i.HAL_CAN_WakeUpFromRxMsgCallback        0x08000e4e   Section        0  stm32f4xx_hal_can.o(i.HAL_CAN_WakeUpFromRxMsgCallback)
    i.HAL_GPIO_EXTI_Callback                 0x08000e50   Section        0  main.o(i.HAL_GPIO_EXTI_Callback)
    i.HAL_GPIO_EXTI_IRQHandler               0x08000e54   Section        0  stm32f4xx_hal_gpio.o(i.HAL_GPIO_EXTI_IRQHandler)
    i.HAL_GPIO_Init                          0x08000e6c   Section        0  stm32f4xx_hal_gpio.o(i.HAL_GPIO_Init)
    i.HAL_GPIO_ReadPin                       0x0800101c   Section        0  stm32f4xx_hal_gpio.o(i.HAL_GPIO_ReadPin)
    i.HAL_GPIO_WritePin                      0x08001026   Section        0  stm32f4xx_hal_gpio.o(i.HAL_GPIO_WritePin)
    i.HAL_GetTick                            0x08001030   Section        0  stm32f4xx_hal.o(i.HAL_GetTick)
    i.HAL_IncTick                            0x0800103c   Section        0  stm32f4xx_hal.o(i.HAL_IncTick)
    i.HAL_Init                               0x0800104c   Section        0  stm32f4xx_hal.o(i.HAL_Init)
    i.HAL_InitTick                           0x08001080   Section        0  stm32f4xx_hal_timebase_tim.o(i.HAL_InitTick)
    i.HAL_MspInit                            0x080010f4   Section        0  stm32f4xx_hal_msp.o(i.HAL_MspInit)
    i.HAL_NVIC_EnableIRQ                     0x0800112c   Section        0  stm32f4xx_hal_cortex.o(i.HAL_NVIC_EnableIRQ)
    i.HAL_NVIC_SetPriority                   0x08001144   Section        0  stm32f4xx_hal_cortex.o(i.HAL_NVIC_SetPriority)
    i.HAL_NVIC_SetPriorityGrouping           0x08001184   Section        0  stm32f4xx_hal_cortex.o(i.HAL_NVIC_SetPriorityGrouping)
    i.HAL_RCC_ClockConfig                    0x080011a8   Section        0  stm32f4xx_hal_rcc.o(i.HAL_RCC_ClockConfig)
    i.HAL_RCC_GetClockConfig                 0x080012d8   Section        0  stm32f4xx_hal_rcc.o(i.HAL_RCC_GetClockConfig)
    i.HAL_RCC_GetHCLKFreq                    0x08001318   Section        0  stm32f4xx_hal_rcc.o(i.HAL_RCC_GetHCLKFreq)
    i.HAL_RCC_GetPCLK2Freq                   0x08001324   Section        0  stm32f4xx_hal_rcc.o(i.HAL_RCC_GetPCLK2Freq)
    i.HAL_RCC_GetSysClockFreq                0x08001344   Section        0  stm32f4xx_hal_rcc.o(i.HAL_RCC_GetSysClockFreq)
    i.HAL_RCC_OscConfig                      0x080013a4   Section        0  stm32f4xx_hal_rcc.o(i.HAL_RCC_OscConfig)
    i.HAL_SPI_Init                           0x080016c0   Section        0  stm32f4xx_hal_spi.o(i.HAL_SPI_Init)
    i.HAL_SPI_MspInit                        0x08001740   Section        0  stm32f4xx_hal_msp.o(i.HAL_SPI_MspInit)
    i.HAL_TIMEx_BreakCallback                0x080017a8   Section        0  stm32f4xx_hal_tim_ex.o(i.HAL_TIMEx_BreakCallback)
    i.HAL_TIMEx_CommutationCallback          0x080017aa   Section        0  stm32f4xx_hal_tim_ex.o(i.HAL_TIMEx_CommutationCallback)
    i.HAL_TIM_Base_Init                      0x080017ac   Section        0  stm32f4xx_hal_tim.o(i.HAL_TIM_Base_Init)
    i.HAL_TIM_Base_MspInit                   0x080017e2   Section        0  stm32f4xx_hal_tim.o(i.HAL_TIM_Base_MspInit)
    i.HAL_TIM_Base_Start_IT                  0x080017e4   Section        0  stm32f4xx_hal_tim.o(i.HAL_TIM_Base_Start_IT)
    i.HAL_TIM_IC_CaptureCallback             0x080017fc   Section        0  stm32f4xx_hal_tim.o(i.HAL_TIM_IC_CaptureCallback)
    i.HAL_TIM_IRQHandler                     0x080017fe   Section        0  stm32f4xx_hal_tim.o(i.HAL_TIM_IRQHandler)
    i.HAL_TIM_OC_DelayElapsedCallback        0x08001964   Section        0  stm32f4xx_hal_tim.o(i.HAL_TIM_OC_DelayElapsedCallback)
    i.HAL_TIM_PWM_PulseFinishedCallback      0x08001966   Section        0  stm32f4xx_hal_tim.o(i.HAL_TIM_PWM_PulseFinishedCallback)
    i.HAL_TIM_PeriodElapsedCallback          0x08001968   Section        0  main.o(i.HAL_TIM_PeriodElapsedCallback)
    i.HAL_TIM_TriggerCallback                0x0800197c   Section        0  stm32f4xx_hal_tim.o(i.HAL_TIM_TriggerCallback)
    i.HardFault_Handler                      0x0800197e   Section        0  stm32f4xx_it.o(i.HardFault_Handler)
    i.MX_ADC1_Init                           0x08001980   Section        0  main.o(i.MX_ADC1_Init)
    MX_ADC1_Init                             0x08001981   Thumb Code    70  main.o(i.MX_ADC1_Init)
    i.MX_CAN1_Init                           0x080019d4   Section        0  main.o(i.MX_CAN1_Init)
    MX_CAN1_Init                             0x080019d5   Thumb Code    44  main.o(i.MX_CAN1_Init)
    i.MX_GPIO_Init                           0x08001a08   Section        0  main.o(i.MX_GPIO_Init)
    MX_GPIO_Init                             0x08001a09   Thumb Code   292  main.o(i.MX_GPIO_Init)
    i.MX_SPI1_Init                           0x08001b44   Section        0  main.o(i.MX_SPI1_Init)
    MX_SPI1_Init                             0x08001b45   Thumb Code    44  main.o(i.MX_SPI1_Init)
    i.MemManage_Handler                      0x08001b78   Section        0  stm32f4xx_it.o(i.MemManage_Handler)
    i.NMI_Handler                            0x08001b7a   Section        0  stm32f4xx_it.o(i.NMI_Handler)
    i.NVIC_SetPriority                       0x08001b7c   Section        0  stm32f4xx_hal_cortex.o(i.NVIC_SetPriority)
    NVIC_SetPriority                         0x08001b7d   Thumb Code    32  stm32f4xx_hal_cortex.o(i.NVIC_SetPriority)
    i.SPEED_init                             0x08001b9c   Section        0  speed.o(i.SPEED_init)
    i.SPEED_set                              0x08001be0   Section        0  speed.o(i.SPEED_set)
    i.SysTick_Handler                        0x08001c20   Section        0  port.o(i.SysTick_Handler)
    i.SystemClock_Config                     0x08001c4c   Section        0  main.o(i.SystemClock_Config)
    i.SystemInit                             0x08001cd4   Section        0  system_stm32f4xx.o(i.SystemInit)
    i.TIM1_UP_TIM10_IRQHandler               0x08001d28   Section        0  stm32f4xx_it.o(i.TIM1_UP_TIM10_IRQHandler)
    i.TIM_Base_SetConfig                     0x08001d34   Section        0  stm32f4xx_hal_tim.o(i.TIM_Base_SetConfig)
    i.UsageFault_Handler                     0x08001df4   Section        0  stm32f4xx_it.o(i.UsageFault_Handler)
    i.__scatterload_copy                     0x08001df6   Section       14  handlers.o(i.__scatterload_copy)
    i.__scatterload_null                     0x08001e04   Section        2  handlers.o(i.__scatterload_null)
    i.__scatterload_zeroinit                 0x08001e06   Section       14  handlers.o(i.__scatterload_zeroinit)
    i.acelerador                             0x08001e14   Section        0  main.o(i.acelerador)
    i.calculoDistancia                       0x08001e60   Section        0  main.o(i.calculoDistancia)
    i.lucesCruce                             0x08001ebc   Section        0  main.o(i.lucesCruce)
    i.main                                   0x08001f34   Section        0  main.o(i.main)
    i.map                                    0x08001fe8   Section        0  main.o(i.map)
    i.osDelay                                0x08001ffc   Section        0  cmsis_os.o(i.osDelay)
    i.osMutexCreate                          0x0800200a   Section        0  cmsis_os.o(i.osMutexCreate)
    i.prvAddCurrentTaskToDelayedList         0x08002010   Section        0  tasks.o(i.prvAddCurrentTaskToDelayedList)
    prvAddCurrentTaskToDelayedList           0x08002011   Thumb Code   102  tasks.o(i.prvAddCurrentTaskToDelayedList)
    i.prvAddNewTaskToReadyList               0x08002080   Section        0  tasks.o(i.prvAddNewTaskToReadyList)
    prvAddNewTaskToReadyList                 0x08002081   Thumb Code   194  tasks.o(i.prvAddNewTaskToReadyList)
    i.prvCheckTasksWaitingTermination        0x08002150   Section        0  tasks.o(i.prvCheckTasksWaitingTermination)
    prvCheckTasksWaitingTermination          0x08002151   Thumb Code    70  tasks.o(i.prvCheckTasksWaitingTermination)
    i.prvCopyDataFromQueue                   0x080021a0   Section        0  queue.o(i.prvCopyDataFromQueue)
    prvCopyDataFromQueue                     0x080021a1   Thumb Code    38  queue.o(i.prvCopyDataFromQueue)
    i.prvCopyDataToQueue                     0x080021c6   Section        0  queue.o(i.prvCopyDataToQueue)
    prvCopyDataToQueue                       0x080021c7   Thumb Code   108  queue.o(i.prvCopyDataToQueue)
    i.prvDeleteTCB                           0x08002232   Section        0  tasks.o(i.prvDeleteTCB)
    prvDeleteTCB                             0x08002233   Thumb Code    20  tasks.o(i.prvDeleteTCB)
    i.prvHeapInit                            0x08002248   Section        0  heap_4.o(i.prvHeapInit)
    prvHeapInit                              0x08002249   Thumb Code    66  heap_4.o(i.prvHeapInit)
    i.prvIdleTask                            0x08002294   Section        0  tasks.o(i.prvIdleTask)
    prvIdleTask                              0x08002295   Thumb Code    30  tasks.o(i.prvIdleTask)
    i.prvInitialiseNewTask                   0x080022bc   Section        0  tasks.o(i.prvInitialiseNewTask)
    prvInitialiseNewTask                     0x080022bd   Thumb Code   142  tasks.o(i.prvInitialiseNewTask)
    i.prvInsertBlockIntoFreeList             0x0800234c   Section        0  heap_4.o(i.prvInsertBlockIntoFreeList)
    prvInsertBlockIntoFreeList               0x0800234d   Thumb Code    72  heap_4.o(i.prvInsertBlockIntoFreeList)
    i.prvIsQueueEmpty                        0x08002398   Section        0  queue.o(i.prvIsQueueEmpty)
    prvIsQueueEmpty                          0x08002399   Thumb Code    28  queue.o(i.prvIsQueueEmpty)
    i.prvResetNextTaskUnblockTime            0x080023b4   Section        0  tasks.o(i.prvResetNextTaskUnblockTime)
    prvResetNextTaskUnblockTime              0x080023b5   Thumb Code    26  tasks.o(i.prvResetNextTaskUnblockTime)
    i.prvTaskExitError                       0x080023d4   Section        0  port.o(i.prvTaskExitError)
    prvTaskExitError                         0x080023d5   Thumb Code    36  port.o(i.prvTaskExitError)
    i.prvUnlockQueue                         0x080023fc   Section        0  queue.o(i.prvUnlockQueue)
    prvUnlockQueue                           0x080023fd   Thumb Code   106  queue.o(i.prvUnlockQueue)
    i.pvPortMalloc                           0x08002468   Section        0  heap_4.o(i.pvPortMalloc)
    i.pvTaskIncrementMutexHeldCount          0x08002540   Section        0  tasks.o(i.pvTaskIncrementMutexHeldCount)
    i.pxPortInitialiseStack                  0x08002558   Section        0  port.o(i.pxPortInitialiseStack)
    i.readDistance                           0x08002584   Section        0  main.o(i.readDistance)
    i.uxListRemove                           0x08002604   Section        0  list.o(i.uxListRemove)
    i.vListInitialise                        0x08002628   Section        0  list.o(i.vListInitialise)
    i.vListInitialiseItem                    0x0800263e   Section        0  list.o(i.vListInitialiseItem)
    i.vListInsert                            0x08002644   Section        0  list.o(i.vListInsert)
    i.vListInsertEnd                         0x08002674   Section        0  list.o(i.vListInsertEnd)
    i.vPortEnterCritical                     0x0800268c   Section        0  port.o(i.vPortEnterCritical)
    i.vPortExitCritical                      0x080026cc   Section        0  port.o(i.vPortExitCritical)
    i.vPortFree                              0x080026f4   Section        0  heap_4.o(i.vPortFree)
    i.vPortSetupTimerInterrupt               0x08002750   Section        0  port.o(i.vPortSetupTimerInterrupt)
    i.vTaskDelay                             0x08002770   Section        0  tasks.o(i.vTaskDelay)
    i.vTaskMissedYield                       0x080027bc   Section        0  tasks.o(i.vTaskMissedYield)
    i.vTaskPlaceOnEventList                  0x080027c8   Section        0  tasks.o(i.vTaskPlaceOnEventList)
    i.vTaskPriorityInherit                   0x080027f8   Section        0  tasks.o(i.vTaskPriorityInherit)
    i.vTaskSetTimeOutState                   0x0800287c   Section        0  tasks.o(i.vTaskSetTimeOutState)
    i.vTaskStartScheduler                    0x080028a0   Section        0  tasks.o(i.vTaskStartScheduler)
    i.vTaskSuspendAll                        0x08002908   Section        0  tasks.o(i.vTaskSuspendAll)
    i.vTaskSwitchContext                     0x08002918   Section        0  tasks.o(i.vTaskSwitchContext)
    i.xPortStartScheduler                    0x08002974   Section        0  port.o(i.xPortStartScheduler)
    i.xQueueCreateMutex                      0x08002a54   Section        0  queue.o(i.xQueueCreateMutex)
    i.xQueueGenericCreate                    0x08002a78   Section        0  queue.o(i.xQueueGenericCreate)
    i.xQueueGenericReceive                   0x08002ac0   Section        0  queue.o(i.xQueueGenericReceive)
    i.xQueueGenericReset                     0x08002c2c   Section        0  queue.o(i.xQueueGenericReset)
    i.xQueueGenericSend                      0x08002cb4   Section        0  queue.o(i.xQueueGenericSend)
    i.xTaskCheckForTimeOut                   0x08002e14   Section        0  tasks.o(i.xTaskCheckForTimeOut)
    i.xTaskCreate                            0x08002e80   Section        0  tasks.o(i.xTaskCreate)
    i.xTaskGetSchedulerState                 0x08002ed8   Section        0  tasks.o(i.xTaskGetSchedulerState)
    i.xTaskIncrementTick                     0x08002ef4   Section        0  tasks.o(i.xTaskIncrementTick)
    i.xTaskPriorityDisinherit                0x08002fbc   Section        0  tasks.o(i.xTaskPriorityDisinherit)
    i.xTaskRemoveFromEventList               0x08003054   Section        0  tasks.o(i.xTaskRemoveFromEventList)
    i.xTaskResumeAll                         0x080030c8   Section        0  tasks.o(i.xTaskResumeAll)
    .constdata                               0x0800318c   Section       16  system_stm32f4xx.o(.constdata)
    .constdata                               0x0800319c   Section        8  system_stm32f4xx.o(.constdata)
    .data                                    0x20000000   Section       12  main.o(.data)
    .data                                    0x2000000c   Section        8  speed.o(.data)
    SPEED_sem                                0x2000000c   Data           4  speed.o(.data)
    SPEED_speed                              0x20000010   Data           4  speed.o(.data)
    .data                                    0x20000014   Section       12  stm32f4xx_hal.o(.data)
    .data                                    0x20000020   Section        4  system_stm32f4xx.o(.data)
    .data                                    0x20000024   Section       60  tasks.o(.data)
    uxDeletedTasksWaitingCleanUp             0x20000028   Data           4  tasks.o(.data)
    uxCurrentNumberOfTasks                   0x2000002c   Data           4  tasks.o(.data)
    xTickCount                               0x20000030   Data           4  tasks.o(.data)
    uxTopReadyPriority                       0x20000034   Data           4  tasks.o(.data)
    xSchedulerRunning                        0x20000038   Data           4  tasks.o(.data)
    uxPendedTicks                            0x2000003c   Data           4  tasks.o(.data)
    xYieldPending                            0x20000040   Data           4  tasks.o(.data)
    xNumOfOverflows                          0x20000044   Data           4  tasks.o(.data)
    uxTaskNumber                             0x20000048   Data           4  tasks.o(.data)
    xNextTaskUnblockTime                     0x2000004c   Data           4  tasks.o(.data)
    xIdleTaskHandle                          0x20000050   Data           4  tasks.o(.data)
    uxSchedulerSuspended                     0x20000054   Data           4  tasks.o(.data)
    pxDelayedTaskList                        0x20000058   Data           4  tasks.o(.data)
    pxOverflowDelayedTaskList                0x2000005c   Data           4  tasks.o(.data)
    .data                                    0x20000060   Section       24  heap_4.o(.data)
    pxEnd                                    0x20000060   Data           4  heap_4.o(.data)
    xFreeBytesRemaining                      0x20000064   Data           4  heap_4.o(.data)
    xMinimumEverFreeBytesRemaining           0x20000068   Data           4  heap_4.o(.data)
    xBlockAllocatedBit                       0x2000006c   Data           4  heap_4.o(.data)
    xStart                                   0x20000070   Data           8  heap_4.o(.data)
    .data                                    0x20000078   Section       12  port.o(.data)
    ucMaxSysCallPriority                     0x20000078   Data           1  port.o(.data)
    uxCriticalNesting                        0x2000007c   Data           4  port.o(.data)
    ulMaxPRIGROUPValue                       0x20000080   Data           4  port.o(.data)
    .bss                                     0x20000084   Section      200  main.o(.bss)
    .bss                                     0x2000014c   Section       60  stm32f4xx_hal_timebase_tim.o(.bss)
    .bss                                     0x20000188   Section      240  tasks.o(.bss)
    pxReadyTasksLists                        0x20000188   Data         140  tasks.o(.bss)
    xDelayedTaskList1                        0x20000214   Data          20  tasks.o(.bss)
    xDelayedTaskList2                        0x20000228   Data          20  tasks.o(.bss)
    xPendingReadyList                        0x2000023c   Data          20  tasks.o(.bss)
    xTasksWaitingTermination                 0x20000250   Data          20  tasks.o(.bss)
    xSuspendedTaskList                       0x20000264   Data          20  tasks.o(.bss)
    .bss                                     0x20000278   Section    15360  heap_4.o(.bss)
    ucHeap                                   0x20000278   Data       15360  heap_4.o(.bss)
    STACK                                    0x20003e78   Section     1024  startup_stm32f407xx.o(STACK)

    Global Symbols

    Symbol Name                              Value     Ov Type        Size  Object(Section)

    BuildAttributes$$THM_ISAv4$E$P$D$K$B$S$7EM$VFPi3$EXTD16$VFPS$VFMA$PE$A:L22UL41UL21$X:L11$S22US41US21$IEEE1$IW$USESV6$~STKCKD$USESV7$~SHL$OTIME$ROPI$EBA8$MICROLIB$REQ8$PRES8$EABIv2 0x00000000   Number         0  anon$$obj.o ABSOLUTE
    __ARM_use_no_argv                        0x00000000   Number         0  main.o ABSOLUTE
    __arm_fini_                               - Undefined Weak Reference
    __cpp_initialize__aeabi_                  - Undefined Weak Reference
    __cxa_finalize                            - Undefined Weak Reference
    __decompress                              - Undefined Weak Reference
    _clock_init                               - Undefined Weak Reference
    _microlib_exit                            - Undefined Weak Reference
    __Vectors_Size                           0x00000188   Number         0  startup_stm32f407xx.o ABSOLUTE
    __Vectors                                0x08000000   Data           4  startup_stm32f407xx.o(RESET)
    __Vectors_End                            0x08000188   Data           0  startup_stm32f407xx.o(RESET)
    __main                                   0x08000189   Thumb Code     0  entry.o(.ARM.Collect$$$$00000000)
    _main_stk                                0x08000189   Thumb Code     0  entry2.o(.ARM.Collect$$$$00000001)
    _main_scatterload                        0x0800018d   Thumb Code     0  entry5.o(.ARM.Collect$$$$00000004)
    __main_after_scatterload                 0x08000191   Thumb Code     0  entry5.o(.ARM.Collect$$$$00000004)
    _main_clock                              0x08000191   Thumb Code     0  entry7b.o(.ARM.Collect$$$$00000008)
    _main_cpp_init                           0x08000191   Thumb Code     0  entry8b.o(.ARM.Collect$$$$0000000A)
    _main_init                               0x08000191   Thumb Code     0  entry9a.o(.ARM.Collect$$$$0000000B)
    __rt_lib_shutdown_fini                   0x08000199   Thumb Code     0  entry12b.o(.ARM.Collect$$$$0000000E)
    __rt_final_cpp                           0x0800019d   Thumb Code     0  entry10a.o(.ARM.Collect$$$$0000000F)
    __rt_final_exit                          0x0800019d   Thumb Code     0  entry11a.o(.ARM.Collect$$$$00000011)
    SVC_Handler                              0x080001a1   Thumb Code    28  port.o(.emb_text)
    __asm___6_port_c_39a90d8d__prvStartFirstTask 0x080001c1   Thumb Code    28  port.o(.emb_text)
    __asm___6_port_c_39a90d8d__prvEnableVFP  0x080001e1   Thumb Code    16  port.o(.emb_text)
    PendSV_Handler                           0x080001f5   Thumb Code    92  port.o(.emb_text)
    vPortGetIPSR                             0x08000255   Thumb Code     6  port.o(.emb_text)
    Reset_Handler                            0x0800025d   Thumb Code     8  startup_stm32f407xx.o(.text)
    ADC_IRQHandler                           0x08000277   Thumb Code     0  startup_stm32f407xx.o(.text)
    CAN1_RX1_IRQHandler                      0x08000277   Thumb Code     0  startup_stm32f407xx.o(.text)
    CAN1_SCE_IRQHandler                      0x08000277   Thumb Code     0  startup_stm32f407xx.o(.text)
    CAN1_TX_IRQHandler                       0x08000277   Thumb Code     0  startup_stm32f407xx.o(.text)
    CAN2_RX0_IRQHandler                      0x08000277   Thumb Code     0  startup_stm32f407xx.o(.text)
    CAN2_RX1_IRQHandler                      0x08000277   Thumb Code     0  startup_stm32f407xx.o(.text)
    CAN2_SCE_IRQHandler                      0x08000277   Thumb Code     0  startup_stm32f407xx.o(.text)
    CAN2_TX_IRQHandler                       0x08000277   Thumb Code     0  startup_stm32f407xx.o(.text)
    DCMI_IRQHandler                          0x08000277   Thumb Code     0  startup_stm32f407xx.o(.text)
    DMA1_Stream0_IRQHandler                  0x08000277   Thumb Code     0  startup_stm32f407xx.o(.text)
    DMA1_Stream1_IRQHandler                  0x08000277   Thumb Code     0  startup_stm32f407xx.o(.text)
    DMA1_Stream2_IRQHandler                  0x08000277   Thumb Code     0  startup_stm32f407xx.o(.text)
    DMA1_Stream3_IRQHandler                  0x08000277   Thumb Code     0  startup_stm32f407xx.o(.text)
    DMA1_Stream4_IRQHandler                  0x08000277   Thumb Code     0  startup_stm32f407xx.o(.text)
    DMA1_Stream5_IRQHandler                  0x08000277   Thumb Code     0  startup_stm32f407xx.o(.text)
    DMA1_Stream6_IRQHandler                  0x08000277   Thumb Code     0  startup_stm32f407xx.o(.text)
    DMA1_Stream7_IRQHandler                  0x08000277   Thumb Code     0  startup_stm32f407xx.o(.text)
    DMA2_Stream0_IRQHandler                  0x08000277   Thumb Code     0  startup_stm32f407xx.o(.text)
    DMA2_Stream1_IRQHandler                  0x08000277   Thumb Code     0  startup_stm32f407xx.o(.text)
    DMA2_Stream2_IRQHandler                  0x08000277   Thumb Code     0  startup_stm32f407xx.o(.text)
    DMA2_Stream3_IRQHandler                  0x08000277   Thumb Code     0  startup_stm32f407xx.o(.text)
    DMA2_Stream4_IRQHandler                  0x08000277   Thumb Code     0  startup_stm32f407xx.o(.text)
    DMA2_Stream5_IRQHandler                  0x08000277   Thumb Code     0  startup_stm32f407xx.o(.text)
    DMA2_Stream6_IRQHandler                  0x08000277   Thumb Code     0  startup_stm32f407xx.o(.text)
    DMA2_Stream7_IRQHandler                  0x08000277   Thumb Code     0  startup_stm32f407xx.o(.text)
    ETH_IRQHandler                           0x08000277   Thumb Code     0  startup_stm32f407xx.o(.text)
    ETH_WKUP_IRQHandler                      0x08000277   Thumb Code     0  startup_stm32f407xx.o(.text)
    EXTI15_10_IRQHandler                     0x08000277   Thumb Code     0  startup_stm32f407xx.o(.text)
    EXTI1_IRQHandler                         0x08000277   Thumb Code     0  startup_stm32f407xx.o(.text)
    EXTI2_IRQHandler                         0x08000277   Thumb Code     0  startup_stm32f407xx.o(.text)
    EXTI4_IRQHandler                         0x08000277   Thumb Code     0  startup_stm32f407xx.o(.text)
    EXTI9_5_IRQHandler                       0x08000277   Thumb Code     0  startup_stm32f407xx.o(.text)
    FLASH_IRQHandler                         0x08000277   Thumb Code     0  startup_stm32f407xx.o(.text)
    FMC_IRQHandler                           0x08000277   Thumb Code     0  startup_stm32f407xx.o(.text)
    FPU_IRQHandler                           0x08000277   Thumb Code     0  startup_stm32f407xx.o(.text)
    HASH_RNG_IRQHandler                      0x08000277   Thumb Code     0  startup_stm32f407xx.o(.text)
    I2C1_ER_IRQHandler                       0x08000277   Thumb Code     0  startup_stm32f407xx.o(.text)
    I2C1_EV_IRQHandler                       0x08000277   Thumb Code     0  startup_stm32f407xx.o(.text)
    I2C2_ER_IRQHandler                       0x08000277   Thumb Code     0  startup_stm32f407xx.o(.text)
    I2C2_EV_IRQHandler                       0x08000277   Thumb Code     0  startup_stm32f407xx.o(.text)
    I2C3_ER_IRQHandler                       0x08000277   Thumb Code     0  startup_stm32f407xx.o(.text)
    I2C3_EV_IRQHandler                       0x08000277   Thumb Code     0  startup_stm32f407xx.o(.text)
    OTG_FS_IRQHandler                        0x08000277   Thumb Code     0  startup_stm32f407xx.o(.text)
    OTG_FS_WKUP_IRQHandler                   0x08000277   Thumb Code     0  startup_stm32f407xx.o(.text)
    OTG_HS_EP1_IN_IRQHandler                 0x08000277   Thumb Code     0  startup_stm32f407xx.o(.text)
    OTG_HS_EP1_OUT_IRQHandler                0x08000277   Thumb Code     0  startup_stm32f407xx.o(.text)
    OTG_HS_IRQHandler                        0x08000277   Thumb Code     0  startup_stm32f407xx.o(.text)
    OTG_HS_WKUP_IRQHandler                   0x08000277   Thumb Code     0  startup_stm32f407xx.o(.text)
    PVD_IRQHandler                           0x08000277   Thumb Code     0  startup_stm32f407xx.o(.text)
    RCC_IRQHandler                           0x08000277   Thumb Code     0  startup_stm32f407xx.o(.text)
    RTC_Alarm_IRQHandler                     0x08000277   Thumb Code     0  startup_stm32f407xx.o(.text)
    RTC_WKUP_IRQHandler                      0x08000277   Thumb Code     0  startup_stm32f407xx.o(.text)
    SDIO_IRQHandler                          0x08000277   Thumb Code     0  startup_stm32f407xx.o(.text)
    SPI1_IRQHandler                          0x08000277   Thumb Code     0  startup_stm32f407xx.o(.text)
    SPI2_IRQHandler                          0x08000277   Thumb Code     0  startup_stm32f407xx.o(.text)
    SPI3_IRQHandler                          0x08000277   Thumb Code     0  startup_stm32f407xx.o(.text)
    TAMP_STAMP_IRQHandler                    0x08000277   Thumb Code     0  startup_stm32f407xx.o(.text)
    TIM1_BRK_TIM9_IRQHandler                 0x08000277   Thumb Code     0  startup_stm32f407xx.o(.text)
    TIM1_CC_IRQHandler                       0x08000277   Thumb Code     0  startup_stm32f407xx.o(.text)
    TIM1_TRG_COM_TIM11_IRQHandler            0x08000277   Thumb Code     0  startup_stm32f407xx.o(.text)
    TIM2_IRQHandler                          0x08000277   Thumb Code     0  startup_stm32f407xx.o(.text)
    TIM3_IRQHandler                          0x08000277   Thumb Code     0  startup_stm32f407xx.o(.text)
    TIM4_IRQHandler                          0x08000277   Thumb Code     0  startup_stm32f407xx.o(.text)
    TIM5_IRQHandler                          0x08000277   Thumb Code     0  startup_stm32f407xx.o(.text)
    TIM6_DAC_IRQHandler                      0x08000277   Thumb Code     0  startup_stm32f407xx.o(.text)
    TIM7_IRQHandler                          0x08000277   Thumb Code     0  startup_stm32f407xx.o(.text)
    TIM8_BRK_TIM12_IRQHandler                0x08000277   Thumb Code     0  startup_stm32f407xx.o(.text)
    TIM8_CC_IRQHandler                       0x08000277   Thumb Code     0  startup_stm32f407xx.o(.text)
    TIM8_TRG_COM_TIM14_IRQHandler            0x08000277   Thumb Code     0  startup_stm32f407xx.o(.text)
    TIM8_UP_TIM13_IRQHandler                 0x08000277   Thumb Code     0  startup_stm32f407xx.o(.text)
    UART4_IRQHandler                         0x08000277   Thumb Code     0  startup_stm32f407xx.o(.text)
    UART5_IRQHandler                         0x08000277   Thumb Code     0  startup_stm32f407xx.o(.text)
    USART1_IRQHandler                        0x08000277   Thumb Code     0  startup_stm32f407xx.o(.text)
    USART2_IRQHandler                        0x08000277   Thumb Code     0  startup_stm32f407xx.o(.text)
    USART3_IRQHandler                        0x08000277   Thumb Code     0  startup_stm32f407xx.o(.text)
    USART6_IRQHandler                        0x08000277   Thumb Code     0  startup_stm32f407xx.o(.text)
    WWDG_IRQHandler                          0x08000277   Thumb Code     0  startup_stm32f407xx.o(.text)
    __aeabi_uldivmod                         0x08000281   Thumb Code    98  uldiv.o(.text)
    __aeabi_memcpy                           0x080002e3   Thumb Code    36  memcpya.o(.text)
    __aeabi_memcpy4                          0x080002e3   Thumb Code     0  memcpya.o(.text)
    __aeabi_memcpy8                          0x080002e3   Thumb Code     0  memcpya.o(.text)
    __aeabi_memset                           0x08000307   Thumb Code    14  memseta.o(.text)
    __aeabi_memset4                          0x08000307   Thumb Code     0  memseta.o(.text)
    __aeabi_memset8                          0x08000307   Thumb Code     0  memseta.o(.text)
    __aeabi_memclr                           0x08000315   Thumb Code     4  memseta.o(.text)
    __aeabi_memclr4                          0x08000315   Thumb Code     0  memseta.o(.text)
    __aeabi_memclr8                          0x08000315   Thumb Code     0  memseta.o(.text)
    _memset$wrapper                          0x08000319   Thumb Code    18  memseta.o(.text)
    __aeabi_dmul                             0x0800032b   Thumb Code   228  dmul.o(.text)
    __aeabi_f2d                              0x0800040f   Thumb Code    38  f2d.o(.text)
    __aeabi_d2f                              0x08000435   Thumb Code    56  d2f.o(.text)
    __aeabi_llsl                             0x0800046d   Thumb Code    30  llshl.o(.text)
    _ll_shift_l                              0x0800046d   Thumb Code     0  llshl.o(.text)
    __aeabi_llsr                             0x0800048b   Thumb Code    32  llushr.o(.text)
    _ll_ushift_r                             0x0800048b   Thumb Code     0  llushr.o(.text)
    __I$use$fp                               0x080004ab   Thumb Code     0  iusefp.o(.text)
    _float_round                             0x080004ab   Thumb Code    18  fepilogue.o(.text)
    _float_epilogue                          0x080004bd   Thumb Code    92  fepilogue.o(.text)
    _double_round                            0x08000519   Thumb Code    30  depilogue.o(.text)
    _double_epilogue                         0x08000537   Thumb Code   156  depilogue.o(.text)
    __scatterload                            0x080005d5   Thumb Code    28  init.o(.text)
    __scatterload_rt2                        0x080005d5   Thumb Code     0  init.o(.text)
    BusFault_Handler                         0x0800071d   Thumb Code     2  stm32f4xx_it.o(i.BusFault_Handler)
    CAN1_RX0_IRQHandler                      0x08000721   Thumb Code     6  stm32f4xx_it.o(i.CAN1_RX0_IRQHandler)
    DebugMon_Handler                         0x0800072d   Thumb Code     2  stm32f4xx_it.o(i.DebugMon_Handler)
    EXTI0_IRQHandler                         0x0800072f   Thumb Code     6  stm32f4xx_it.o(i.EXTI0_IRQHandler)
    EXTI3_IRQHandler                         0x08000735   Thumb Code     6  stm32f4xx_it.o(i.EXTI3_IRQHandler)
    HAL_ADC_ConfigChannel                    0x0800073d   Thumb Code   316  stm32f4xx_hal_adc.o(i.HAL_ADC_ConfigChannel)
    HAL_ADC_GetValue                         0x08000889   Thumb Code     6  stm32f4xx_hal_adc.o(i.HAL_ADC_GetValue)
    HAL_ADC_Init                             0x0800088f   Thumb Code    84  stm32f4xx_hal_adc.o(i.HAL_ADC_Init)
    HAL_ADC_MspInit                          0x080008e5   Thumb Code    84  stm32f4xx_hal_msp.o(i.HAL_ADC_MspInit)
    HAL_ADC_PollForConversion                0x08000945   Thumb Code   162  stm32f4xx_hal_adc.o(i.HAL_ADC_PollForConversion)
    HAL_ADC_Start                            0x080009e9   Thumb Code   170  stm32f4xx_hal_adc.o(i.HAL_ADC_Start)
    HAL_CAN_ErrorCallback                    0x08000aa5   Thumb Code     2  stm32f4xx_hal_can.o(i.HAL_CAN_ErrorCallback)
    HAL_CAN_IRQHandler                       0x08000aa7   Thumb Code   508  stm32f4xx_hal_can.o(i.HAL_CAN_IRQHandler)
    HAL_CAN_Init                             0x08000ca3   Thumb Code   282  stm32f4xx_hal_can.o(i.HAL_CAN_Init)
    HAL_CAN_MspInit                          0x08000dbd   Thumb Code   110  stm32f4xx_hal_msp.o(i.HAL_CAN_MspInit)
    HAL_CAN_RxFifo0FullCallback              0x08000e39   Thumb Code     2  stm32f4xx_hal_can.o(i.HAL_CAN_RxFifo0FullCallback)
    HAL_CAN_RxFifo0MsgPendingCallback        0x08000e3b   Thumb Code     2  stm32f4xx_hal_can.o(i.HAL_CAN_RxFifo0MsgPendingCallback)
    HAL_CAN_RxFifo1FullCallback              0x08000e3d   Thumb Code     2  stm32f4xx_hal_can.o(i.HAL_CAN_RxFifo1FullCallback)
    HAL_CAN_RxFifo1MsgPendingCallback        0x08000e3f   Thumb Code     2  stm32f4xx_hal_can.o(i.HAL_CAN_RxFifo1MsgPendingCallback)
    HAL_CAN_SleepCallback                    0x08000e41   Thumb Code     2  stm32f4xx_hal_can.o(i.HAL_CAN_SleepCallback)
    HAL_CAN_TxMailbox0AbortCallback          0x08000e43   Thumb Code     2  stm32f4xx_hal_can.o(i.HAL_CAN_TxMailbox0AbortCallback)
    HAL_CAN_TxMailbox0CompleteCallback       0x08000e45   Thumb Code     2  stm32f4xx_hal_can.o(i.HAL_CAN_TxMailbox0CompleteCallback)
    HAL_CAN_TxMailbox1AbortCallback          0x08000e47   Thumb Code     2  stm32f4xx_hal_can.o(i.HAL_CAN_TxMailbox1AbortCallback)
    HAL_CAN_TxMailbox1CompleteCallback       0x08000e49   Thumb Code     2  stm32f4xx_hal_can.o(i.HAL_CAN_TxMailbox1CompleteCallback)
    HAL_CAN_TxMailbox2AbortCallback          0x08000e4b   Thumb Code     2  stm32f4xx_hal_can.o(i.HAL_CAN_TxMailbox2AbortCallback)
    HAL_CAN_TxMailbox2CompleteCallback       0x08000e4d   Thumb Code     2  stm32f4xx_hal_can.o(i.HAL_CAN_TxMailbox2CompleteCallback)
    HAL_CAN_WakeUpFromRxMsgCallback          0x08000e4f   Thumb Code     2  stm32f4xx_hal_can.o(i.HAL_CAN_WakeUpFromRxMsgCallback)
    HAL_GPIO_EXTI_Callback                   0x08000e51   Thumb Code     2  main.o(i.HAL_GPIO_EXTI_Callback)
    HAL_GPIO_EXTI_IRQHandler                 0x08000e55   Thumb Code    18  stm32f4xx_hal_gpio.o(i.HAL_GPIO_EXTI_IRQHandler)
    HAL_GPIO_Init                            0x08000e6d   Thumb Code   388  stm32f4xx_hal_gpio.o(i.HAL_GPIO_Init)
    HAL_GPIO_ReadPin                         0x0800101d   Thumb Code    10  stm32f4xx_hal_gpio.o(i.HAL_GPIO_ReadPin)
    HAL_GPIO_WritePin                        0x08001027   Thumb Code    10  stm32f4xx_hal_gpio.o(i.HAL_GPIO_WritePin)
    HAL_GetTick                              0x08001031   Thumb Code     6  stm32f4xx_hal.o(i.HAL_GetTick)
    HAL_IncTick                              0x0800103d   Thumb Code    12  stm32f4xx_hal.o(i.HAL_IncTick)
    HAL_Init                                 0x0800104d   Thumb Code    48  stm32f4xx_hal.o(i.HAL_Init)
    HAL_InitTick                             0x08001081   Thumb Code   100  stm32f4xx_hal_timebase_tim.o(i.HAL_InitTick)
    HAL_MspInit                              0x080010f5   Thumb Code    52  stm32f4xx_hal_msp.o(i.HAL_MspInit)
    HAL_NVIC_EnableIRQ                       0x0800112d   Thumb Code    22  stm32f4xx_hal_cortex.o(i.HAL_NVIC_EnableIRQ)
    HAL_NVIC_SetPriority                     0x08001145   Thumb Code    60  stm32f4xx_hal_cortex.o(i.HAL_NVIC_SetPriority)
    HAL_NVIC_SetPriorityGrouping             0x08001185   Thumb Code    26  stm32f4xx_hal_cortex.o(i.HAL_NVIC_SetPriorityGrouping)
    HAL_RCC_ClockConfig                      0x080011a9   Thumb Code   286  stm32f4xx_hal_rcc.o(i.HAL_RCC_ClockConfig)
    HAL_RCC_GetClockConfig                   0x080012d9   Thumb Code    54  stm32f4xx_hal_rcc.o(i.HAL_RCC_GetClockConfig)
    HAL_RCC_GetHCLKFreq                      0x08001319   Thumb Code     6  stm32f4xx_hal_rcc.o(i.HAL_RCC_GetHCLKFreq)
    HAL_RCC_GetPCLK2Freq                     0x08001325   Thumb Code    20  stm32f4xx_hal_rcc.o(i.HAL_RCC_GetPCLK2Freq)
    HAL_RCC_GetSysClockFreq                  0x08001345   Thumb Code    88  stm32f4xx_hal_rcc.o(i.HAL_RCC_GetSysClockFreq)
    HAL_RCC_OscConfig                        0x080013a5   Thumb Code   770  stm32f4xx_hal_rcc.o(i.HAL_RCC_OscConfig)
    HAL_SPI_Init                             0x080016c1   Thumb Code   128  stm32f4xx_hal_spi.o(i.HAL_SPI_Init)
    HAL_SPI_MspInit                          0x08001741   Thumb Code    92  stm32f4xx_hal_msp.o(i.HAL_SPI_MspInit)
    HAL_TIMEx_BreakCallback                  0x080017a9   Thumb Code     2  stm32f4xx_hal_tim_ex.o(i.HAL_TIMEx_BreakCallback)
    HAL_TIMEx_CommutationCallback            0x080017ab   Thumb Code     2  stm32f4xx_hal_tim_ex.o(i.HAL_TIMEx_CommutationCallback)
    HAL_TIM_Base_Init                        0x080017ad   Thumb Code    54  stm32f4xx_hal_tim.o(i.HAL_TIM_Base_Init)
    HAL_TIM_Base_MspInit                     0x080017e3   Thumb Code     2  stm32f4xx_hal_tim.o(i.HAL_TIM_Base_MspInit)
    HAL_TIM_Base_Start_IT                    0x080017e5   Thumb Code    24  stm32f4xx_hal_tim.o(i.HAL_TIM_Base_Start_IT)
    HAL_TIM_IC_CaptureCallback               0x080017fd   Thumb Code     2  stm32f4xx_hal_tim.o(i.HAL_TIM_IC_CaptureCallback)
    HAL_TIM_IRQHandler                       0x080017ff   Thumb Code   358  stm32f4xx_hal_tim.o(i.HAL_TIM_IRQHandler)
    HAL_TIM_OC_DelayElapsedCallback          0x08001965   Thumb Code     2  stm32f4xx_hal_tim.o(i.HAL_TIM_OC_DelayElapsedCallback)
    HAL_TIM_PWM_PulseFinishedCallback        0x08001967   Thumb Code     2  stm32f4xx_hal_tim.o(i.HAL_TIM_PWM_PulseFinishedCallback)
    HAL_TIM_PeriodElapsedCallback            0x08001969   Thumb Code    14  main.o(i.HAL_TIM_PeriodElapsedCallback)
    HAL_TIM_TriggerCallback                  0x0800197d   Thumb Code     2  stm32f4xx_hal_tim.o(i.HAL_TIM_TriggerCallback)
    HardFault_Handler                        0x0800197f   Thumb Code     2  stm32f4xx_it.o(i.HardFault_Handler)
    MemManage_Handler                        0x08001b79   Thumb Code     2  stm32f4xx_it.o(i.MemManage_Handler)
    NMI_Handler                              0x08001b7b   Thumb Code     2  stm32f4xx_it.o(i.NMI_Handler)
    SPEED_init                               0x08001b9d   Thumb Code    64  speed.o(i.SPEED_init)
    SPEED_set                                0x08001be1   Thumb Code    60  speed.o(i.SPEED_set)
    SysTick_Handler                          0x08001c21   Thumb Code    38  port.o(i.SysTick_Handler)
    SystemClock_Config                       0x08001c4d   Thumb Code   126  main.o(i.SystemClock_Config)
    SystemInit                               0x08001cd5   Thumb Code    66  system_stm32f4xx.o(i.SystemInit)
    TIM1_UP_TIM10_IRQHandler                 0x08001d29   Thumb Code     6  stm32f4xx_it.o(i.TIM1_UP_TIM10_IRQHandler)
    TIM_Base_SetConfig                       0x08001d35   Thumb Code   148  stm32f4xx_hal_tim.o(i.TIM_Base_SetConfig)
    UsageFault_Handler                       0x08001df5   Thumb Code     2  stm32f4xx_it.o(i.UsageFault_Handler)
    __scatterload_copy                       0x08001df7   Thumb Code    14  handlers.o(i.__scatterload_copy)
    __scatterload_null                       0x08001e05   Thumb Code     2  handlers.o(i.__scatterload_null)
    __scatterload_zeroinit                   0x08001e07   Thumb Code    14  handlers.o(i.__scatterload_zeroinit)
    acelerador                               0x08001e15   Thumb Code    72  main.o(i.acelerador)
    calculoDistancia                         0x08001e61   Thumb Code    76  main.o(i.calculoDistancia)
    lucesCruce                               0x08001ebd   Thumb Code   108  main.o(i.lucesCruce)
    main                                     0x08001f35   Thumb Code   102  main.o(i.main)
    map                                      0x08001fe9   Thumb Code    20  main.o(i.map)
    osDelay                                  0x08001ffd   Thumb Code    14  cmsis_os.o(i.osDelay)
    osMutexCreate                            0x0800200b   Thumb Code     6  cmsis_os.o(i.osMutexCreate)
    pvPortMalloc                             0x08002469   Thumb Code   210  heap_4.o(i.pvPortMalloc)
    pvTaskIncrementMutexHeldCount            0x08002541   Thumb Code    18  tasks.o(i.pvTaskIncrementMutexHeldCount)
    pxPortInitialiseStack                    0x08002559   Thumb Code    40  port.o(i.pxPortInitialiseStack)
    readDistance                             0x08002585   Thumb Code   116  main.o(i.readDistance)
    uxListRemove                             0x08002605   Thumb Code    36  list.o(i.uxListRemove)
    vListInitialise                          0x08002629   Thumb Code    22  list.o(i.vListInitialise)
    vListInitialiseItem                      0x0800263f   Thumb Code     6  list.o(i.vListInitialiseItem)
    vListInsert                              0x08002645   Thumb Code    48  list.o(i.vListInsert)
    vListInsertEnd                           0x08002675   Thumb Code    24  list.o(i.vListInsertEnd)
    vPortEnterCritical                       0x0800268d   Thumb Code    54  port.o(i.vPortEnterCritical)
    vPortExitCritical                        0x080026cd   Thumb Code    34  port.o(i.vPortExitCritical)
    vPortFree                                0x080026f5   Thumb Code    88  heap_4.o(i.vPortFree)
    vPortSetupTimerInterrupt                 0x08002751   Thumb Code    26  port.o(i.vPortSetupTimerInterrupt)
    vTaskDelay                               0x08002771   Thumb Code    66  tasks.o(i.vTaskDelay)
    vTaskMissedYield                         0x080027bd   Thumb Code     8  tasks.o(i.vTaskMissedYield)
    vTaskPlaceOnEventList                    0x080027c9   Thumb Code    44  tasks.o(i.vTaskPlaceOnEventList)
    vTaskPriorityInherit                     0x080027f9   Thumb Code   124  tasks.o(i.vTaskPriorityInherit)
    vTaskSetTimeOutState                     0x0800287d   Thumb Code    30  tasks.o(i.vTaskSetTimeOutState)
    vTaskStartScheduler                      0x080028a1   Thumb Code    86  tasks.o(i.vTaskStartScheduler)
    vTaskSuspendAll                          0x08002909   Thumb Code    10  tasks.o(i.vTaskSuspendAll)
    vTaskSwitchContext                       0x08002919   Thumb Code    82  tasks.o(i.vTaskSwitchContext)
    xPortStartScheduler                      0x08002975   Thumb Code   202  port.o(i.xPortStartScheduler)
    xQueueCreateMutex                        0x08002a55   Thumb Code    36  queue.o(i.xQueueCreateMutex)
    xQueueGenericCreate                      0x08002a79   Thumb Code    72  queue.o(i.xQueueGenericCreate)
    xQueueGenericReceive                     0x08002ac1   Thumb Code   360  queue.o(i.xQueueGenericReceive)
    xQueueGenericReset                       0x08002c2d   Thumb Code   132  queue.o(i.xQueueGenericReset)
    xQueueGenericSend                        0x08002cb5   Thumb Code   346  queue.o(i.xQueueGenericSend)
    xTaskCheckForTimeOut                     0x08002e15   Thumb Code   102  tasks.o(i.xTaskCheckForTimeOut)
    xTaskCreate                              0x08002e81   Thumb Code    86  tasks.o(i.xTaskCreate)
    xTaskGetSchedulerState                   0x08002ed9   Thumb Code    22  tasks.o(i.xTaskGetSchedulerState)
    xTaskIncrementTick                       0x08002ef5   Thumb Code   192  tasks.o(i.xTaskIncrementTick)
    xTaskPriorityDisinherit                  0x08002fbd   Thumb Code   144  tasks.o(i.xTaskPriorityDisinherit)
    xTaskRemoveFromEventList                 0x08003055   Thumb Code   108  tasks.o(i.xTaskRemoveFromEventList)
    xTaskResumeAll                           0x080030c9   Thumb Code   182  tasks.o(i.xTaskResumeAll)
    AHBPrescTable                            0x0800318c   Data          16  system_stm32f4xx.o(.constdata)
    APBPrescTable                            0x0800319c   Data           8  system_stm32f4xx.o(.constdata)
    Region$$Table$$Base                      0x080031a4   Number         0  anon$$obj.o(Region$$Table)
    Region$$Table$$Limit                     0x080031c4   Number         0  anon$$obj.o(Region$$Table)
    luminosidad                              0x20000000   Data           4  main.o(.data)
    distancia                                0x20000004   Data           4  main.o(.data)
    mutex1Handle                             0x20000008   Data           4  main.o(.data)
    uwTickFreq                               0x20000014   Data           1  stm32f4xx_hal.o(.data)
    uwTickPrio                               0x20000018   Data           4  stm32f4xx_hal.o(.data)
    uwTick                                   0x2000001c   Data           4  stm32f4xx_hal.o(.data)
    SystemCoreClock                          0x20000020   Data           4  system_stm32f4xx.o(.data)
    pxCurrentTCB                             0x20000024   Data           4  tasks.o(.data)
    hadc1                                    0x20000084   Data          72  main.o(.bss)
    hcan1                                    0x200000cc   Data          40  main.o(.bss)
    hspi1                                    0x200000f4   Data          88  main.o(.bss)
    htim1                                    0x2000014c   Data          60  stm32f4xx_hal_timebase_tim.o(.bss)
    __initial_sp                             0x20004278   Data           0  startup_stm32f407xx.o(STACK)



==============================================================================

Memory Map of the image

  Image Entry point : 0x08000189

  Load Region LR_IROM1 (Base: 0x08000000, Size: 0x00003248, Max: 0x00100000, ABSOLUTE)

    Execution Region ER_IROM1 (Exec base: 0x08000000, Load base: 0x08000000, Size: 0x000031c4, Max: 0x00100000, ABSOLUTE)

    Exec Addr    Load Addr    Size         Type   Attr      Idx    E Section Name        Object

    0x08000000   0x08000000   0x00000188   Data   RO            3    RESET               startup_stm32f407xx.o
    0x08000188   0x08000188   0x00000000   Code   RO         4450  * .ARM.Collect$$$$00000000  mc_w.l(entry.o)
    0x08000188   0x08000188   0x00000004   Code   RO         4467    .ARM.Collect$$$$00000001  mc_w.l(entry2.o)
    0x0800018c   0x0800018c   0x00000004   Code   RO         4470    .ARM.Collect$$$$00000004  mc_w.l(entry5.o)
    0x08000190   0x08000190   0x00000000   Code   RO         4472    .ARM.Collect$$$$00000008  mc_w.l(entry7b.o)
    0x08000190   0x08000190   0x00000000   Code   RO         4474    .ARM.Collect$$$$0000000A  mc_w.l(entry8b.o)
    0x08000190   0x08000190   0x00000008   Code   RO         4475    .ARM.Collect$$$$0000000B  mc_w.l(entry9a.o)
    0x08000198   0x08000198   0x00000004   Code   RO         4482    .ARM.Collect$$$$0000000E  mc_w.l(entry12b.o)
    0x0800019c   0x0800019c   0x00000000   Code   RO         4477    .ARM.Collect$$$$0000000F  mc_w.l(entry10a.o)
    0x0800019c   0x0800019c   0x00000000   Code   RO         4479    .ARM.Collect$$$$00000011  mc_w.l(entry11a.o)
    0x0800019c   0x0800019c   0x00000004   Code   RO         4468    .ARM.Collect$$$$00002712  mc_w.l(entry2.o)
    0x080001a0   0x080001a0   0x000000ba   Code   RO         4373    .emb_text           port.o
    0x0800025a   0x0800025a   0x00000002   PAD
    0x0800025c   0x0800025c   0x00000024   Code   RO            4    .text               startup_stm32f407xx.o
    0x08000280   0x08000280   0x00000062   Code   RO         4453    .text               mc_w.l(uldiv.o)
    0x080002e2   0x080002e2   0x00000024   Code   RO         4455    .text               mc_w.l(memcpya.o)
    0x08000306   0x08000306   0x00000024   Code   RO         4457    .text               mc_w.l(memseta.o)
    0x0800032a   0x0800032a   0x000000e4   Code   RO         4461    .text               mf_w.l(dmul.o)
    0x0800040e   0x0800040e   0x00000026   Code   RO         4463    .text               mf_w.l(f2d.o)
    0x08000434   0x08000434   0x00000038   Code   RO         4465    .text               mf_w.l(d2f.o)
    0x0800046c   0x0800046c   0x0000001e   Code   RO         4483    .text               mc_w.l(llshl.o)
    0x0800048a   0x0800048a   0x00000020   Code   RO         4485    .text               mc_w.l(llushr.o)
    0x080004aa   0x080004aa   0x00000000   Code   RO         4487    .text               mc_w.l(iusefp.o)
    0x080004aa   0x080004aa   0x0000006e   Code   RO         4488    .text               mf_w.l(fepilogue.o)
    0x08000518   0x08000518   0x000000ba   Code   RO         4490    .text               mf_w.l(depilogue.o)
    0x080005d2   0x080005d2   0x00000002   PAD
    0x080005d4   0x080005d4   0x00000024   Code   RO         4492    .text               mc_w.l(init.o)
    0x080005f8   0x080005f8   0x00000124   Code   RO          608    i.ADC_Init          stm32f4xx_hal_adc.o
    0x0800071c   0x0800071c   0x00000002   Code   RO          327    i.BusFault_Handler  stm32f4xx_it.o
    0x0800071e   0x0800071e   0x00000002   PAD
    0x08000720   0x08000720   0x0000000c   Code   RO          328    i.CAN1_RX0_IRQHandler  stm32f4xx_it.o
    0x0800072c   0x0800072c   0x00000002   Code   RO          329    i.DebugMon_Handler  stm32f4xx_it.o
    0x0800072e   0x0800072e   0x00000006   Code   RO          330    i.EXTI0_IRQHandler  stm32f4xx_it.o
    0x08000734   0x08000734   0x00000006   Code   RO          331    i.EXTI3_IRQHandler  stm32f4xx_it.o
    0x0800073a   0x0800073a   0x00000002   PAD
    0x0800073c   0x0800073c   0x0000014c   Code   RO          610    i.HAL_ADC_ConfigChannel  stm32f4xx_hal_adc.o
    0x08000888   0x08000888   0x00000006   Code   RO          617    i.HAL_ADC_GetValue  stm32f4xx_hal_adc.o
    0x0800088e   0x0800088e   0x00000054   Code   RO          619    i.HAL_ADC_Init      stm32f4xx_hal_adc.o
    0x080008e2   0x080008e2   0x00000002   PAD
    0x080008e4   0x080008e4   0x00000060   Code   RO          410    i.HAL_ADC_MspInit   stm32f4xx_hal_msp.o
    0x08000944   0x08000944   0x000000a2   Code   RO          623    i.HAL_ADC_PollForConversion  stm32f4xx_hal_adc.o
    0x080009e6   0x080009e6   0x00000002   PAD
    0x080009e8   0x080009e8   0x000000bc   Code   RO          625    i.HAL_ADC_Start     stm32f4xx_hal_adc.o
    0x08000aa4   0x08000aa4   0x00000002   Code   RO          886    i.HAL_CAN_ErrorCallback  stm32f4xx_hal_can.o
    0x08000aa6   0x08000aa6   0x000001fc   Code   RO          893    i.HAL_CAN_IRQHandler  stm32f4xx_hal_can.o
    0x08000ca2   0x08000ca2   0x0000011a   Code   RO          894    i.HAL_CAN_Init      stm32f4xx_hal_can.o
    0x08000dbc   0x08000dbc   0x0000007c   Code   RO          412    i.HAL_CAN_MspInit   stm32f4xx_hal_msp.o
    0x08000e38   0x08000e38   0x00000002   Code   RO          901    i.HAL_CAN_RxFifo0FullCallback  stm32f4xx_hal_can.o
    0x08000e3a   0x08000e3a   0x00000002   Code   RO          902    i.HAL_CAN_RxFifo0MsgPendingCallback  stm32f4xx_hal_can.o
    0x08000e3c   0x08000e3c   0x00000002   Code   RO          903    i.HAL_CAN_RxFifo1FullCallback  stm32f4xx_hal_can.o
    0x08000e3e   0x08000e3e   0x00000002   Code   RO          904    i.HAL_CAN_RxFifo1MsgPendingCallback  stm32f4xx_hal_can.o
    0x08000e40   0x08000e40   0x00000002   Code   RO          905    i.HAL_CAN_SleepCallback  stm32f4xx_hal_can.o
    0x08000e42   0x08000e42   0x00000002   Code   RO          908    i.HAL_CAN_TxMailbox0AbortCallback  stm32f4xx_hal_can.o
    0x08000e44   0x08000e44   0x00000002   Code   RO          909    i.HAL_CAN_TxMailbox0CompleteCallback  stm32f4xx_hal_can.o
    0x08000e46   0x08000e46   0x00000002   Code   RO          910    i.HAL_CAN_TxMailbox1AbortCallback  stm32f4xx_hal_can.o
    0x08000e48   0x08000e48   0x00000002   Code   RO          911    i.HAL_CAN_TxMailbox1CompleteCallback  stm32f4xx_hal_can.o
    0x08000e4a   0x08000e4a   0x00000002   Code   RO          912    i.HAL_CAN_TxMailbox2AbortCallback  stm32f4xx_hal_can.o
    0x08000e4c   0x08000e4c   0x00000002   Code   RO          913    i.HAL_CAN_TxMailbox2CompleteCallback  stm32f4xx_hal_can.o
    0x08000e4e   0x08000e4e   0x00000002   Code   RO          915    i.HAL_CAN_WakeUpFromRxMsgCallback  stm32f4xx_hal_can.o
    0x08000e50   0x08000e50   0x00000002   Code   RO           15    i.HAL_GPIO_EXTI_Callback  main.o
    0x08000e52   0x08000e52   0x00000002   PAD
    0x08000e54   0x08000e54   0x00000018   Code   RO         2655    i.HAL_GPIO_EXTI_IRQHandler  stm32f4xx_hal_gpio.o
    0x08000e6c   0x08000e6c   0x000001b0   Code   RO         2656    i.HAL_GPIO_Init     stm32f4xx_hal_gpio.o
    0x0800101c   0x0800101c   0x0000000a   Code   RO         2658    i.HAL_GPIO_ReadPin  stm32f4xx_hal_gpio.o
    0x08001026   0x08001026   0x0000000a   Code   RO         2660    i.HAL_GPIO_WritePin  stm32f4xx_hal_gpio.o
    0x08001030   0x08001030   0x0000000c   Code   RO         3188    i.HAL_GetTick       stm32f4xx_hal.o
    0x0800103c   0x0800103c   0x00000010   Code   RO         3192    i.HAL_IncTick       stm32f4xx_hal.o
    0x0800104c   0x0800104c   0x00000034   Code   RO         3193    i.HAL_Init          stm32f4xx_hal.o
    0x08001080   0x08001080   0x00000074   Code   RO          469    i.HAL_InitTick      stm32f4xx_hal_timebase_tim.o
    0x080010f4   0x080010f4   0x00000038   Code   RO          413    i.HAL_MspInit       stm32f4xx_hal_msp.o
    0x0800112c   0x0800112c   0x00000016   Code   RO         3045    i.HAL_NVIC_EnableIRQ  stm32f4xx_hal_cortex.o
    0x08001142   0x08001142   0x00000002   PAD
    0x08001144   0x08001144   0x00000040   Code   RO         3051    i.HAL_NVIC_SetPriority  stm32f4xx_hal_cortex.o
    0x08001184   0x08001184   0x00000024   Code   RO         3052    i.HAL_NVIC_SetPriorityGrouping  stm32f4xx_hal_cortex.o
    0x080011a8   0x080011a8   0x00000130   Code   RO         2302    i.HAL_RCC_ClockConfig  stm32f4xx_hal_rcc.o
    0x080012d8   0x080012d8   0x00000040   Code   RO         2306    i.HAL_RCC_GetClockConfig  stm32f4xx_hal_rcc.o
    0x08001318   0x08001318   0x0000000c   Code   RO         2307    i.HAL_RCC_GetHCLKFreq  stm32f4xx_hal_rcc.o
    0x08001324   0x08001324   0x00000020   Code   RO         2310    i.HAL_RCC_GetPCLK2Freq  stm32f4xx_hal_rcc.o
    0x08001344   0x08001344   0x00000060   Code   RO         2311    i.HAL_RCC_GetSysClockFreq  stm32f4xx_hal_rcc.o
    0x080013a4   0x080013a4   0x0000031c   Code   RO         2314    i.HAL_RCC_OscConfig  stm32f4xx_hal_rcc.o
    0x080016c0   0x080016c0   0x00000080   Code   RO         1125    i.HAL_SPI_Init      stm32f4xx_hal_spi.o
    0x08001740   0x08001740   0x00000068   Code   RO          415    i.HAL_SPI_MspInit   stm32f4xx_hal_msp.o
    0x080017a8   0x080017a8   0x00000002   Code   RO         2062    i.HAL_TIMEx_BreakCallback  stm32f4xx_hal_tim_ex.o
    0x080017aa   0x080017aa   0x00000002   Code   RO         2063    i.HAL_TIMEx_CommutationCallback  stm32f4xx_hal_tim_ex.o
    0x080017ac   0x080017ac   0x00000036   Code   RO         1433    i.HAL_TIM_Base_Init  stm32f4xx_hal_tim.o
    0x080017e2   0x080017e2   0x00000002   Code   RO         1435    i.HAL_TIM_Base_MspInit  stm32f4xx_hal_tim.o
    0x080017e4   0x080017e4   0x00000018   Code   RO         1438    i.HAL_TIM_Base_Start_IT  stm32f4xx_hal_tim.o
    0x080017fc   0x080017fc   0x00000002   Code   RO         1462    i.HAL_TIM_IC_CaptureCallback  stm32f4xx_hal_tim.o
    0x080017fe   0x080017fe   0x00000166   Code   RO         1475    i.HAL_TIM_IRQHandler  stm32f4xx_hal_tim.o
    0x08001964   0x08001964   0x00000002   Code   RO         1478    i.HAL_TIM_OC_DelayElapsedCallback  stm32f4xx_hal_tim.o
    0x08001966   0x08001966   0x00000002   Code   RO         1505    i.HAL_TIM_PWM_PulseFinishedCallback  stm32f4xx_hal_tim.o
    0x08001968   0x08001968   0x00000014   Code   RO           16    i.HAL_TIM_PeriodElapsedCallback  main.o
    0x0800197c   0x0800197c   0x00000002   Code   RO         1516    i.HAL_TIM_TriggerCallback  stm32f4xx_hal_tim.o
    0x0800197e   0x0800197e   0x00000002   Code   RO          332    i.HardFault_Handler  stm32f4xx_it.o
    0x08001980   0x08001980   0x00000054   Code   RO           17    i.MX_ADC1_Init      main.o
    0x080019d4   0x080019d4   0x00000034   Code   RO           18    i.MX_CAN1_Init      main.o
    0x08001a08   0x08001a08   0x0000013c   Code   RO           19    i.MX_GPIO_Init      main.o
    0x08001b44   0x08001b44   0x00000034   Code   RO           20    i.MX_SPI1_Init      main.o
    0x08001b78   0x08001b78   0x00000002   Code   RO          333    i.MemManage_Handler  stm32f4xx_it.o
    0x08001b7a   0x08001b7a   0x00000002   Code   RO          334    i.NMI_Handler       stm32f4xx_it.o
    0x08001b7c   0x08001b7c   0x00000020   Code   RO         3058    i.NVIC_SetPriority  stm32f4xx_hal_cortex.o
    0x08001b9c   0x08001b9c   0x00000044   Code   RO          577    i.SPEED_init        speed.o
    0x08001be0   0x08001be0   0x00000040   Code   RO          578    i.SPEED_set         speed.o
    0x08001c20   0x08001c20   0x0000002c   Code   RO         4374    i.SysTick_Handler   port.o
    0x08001c4c   0x08001c4c   0x00000088   Code   RO           22    i.SystemClock_Config  main.o
    0x08001cd4   0x08001cd4   0x00000054   Code   RO         3347    i.SystemInit        system_stm32f4xx.o
    0x08001d28   0x08001d28   0x0000000c   Code   RO          335    i.TIM1_UP_TIM10_IRQHandler  stm32f4xx_it.o
    0x08001d34   0x08001d34   0x000000c0   Code   RO         1517    i.TIM_Base_SetConfig  stm32f4xx_hal_tim.o
    0x08001df4   0x08001df4   0x00000002   Code   RO          336    i.UsageFault_Handler  stm32f4xx_it.o
    0x08001df6   0x08001df6   0x0000000e   Code   RO         4496    i.__scatterload_copy  mc_w.l(handlers.o)
    0x08001e04   0x08001e04   0x00000002   Code   RO         4497    i.__scatterload_null  mc_w.l(handlers.o)
    0x08001e06   0x08001e06   0x0000000e   Code   RO         4498    i.__scatterload_zeroinit  mc_w.l(handlers.o)
    0x08001e14   0x08001e14   0x0000004c   Code   RO           23    i.acelerador        main.o
    0x08001e60   0x08001e60   0x0000005c   Code   RO           24    i.calculoDistancia  main.o
    0x08001ebc   0x08001ebc   0x00000078   Code   RO           25    i.lucesCruce        main.o
    0x08001f34   0x08001f34   0x000000b4   Code   RO           26    i.main              main.o
    0x08001fe8   0x08001fe8   0x00000014   Code   RO           27    i.map               main.o
    0x08001ffc   0x08001ffc   0x0000000e   Code   RO         3953    i.osDelay           cmsis_os.o
    0x0800200a   0x0800200a   0x00000006   Code   RO         3971    i.osMutexCreate     cmsis_os.o
    0x08002010   0x08002010   0x00000070   Code   RO         3656    i.prvAddCurrentTaskToDelayedList  tasks.o
    0x08002080   0x08002080   0x000000d0   Code   RO         3657    i.prvAddNewTaskToReadyList  tasks.o
    0x08002150   0x08002150   0x00000050   Code   RO         3658    i.prvCheckTasksWaitingTermination  tasks.o
    0x080021a0   0x080021a0   0x00000026   Code   RO         3516    i.prvCopyDataFromQueue  queue.o
    0x080021c6   0x080021c6   0x0000006c   Code   RO         3517    i.prvCopyDataToQueue  queue.o
    0x08002232   0x08002232   0x00000014   Code   RO         3659    i.prvDeleteTCB      tasks.o
    0x08002246   0x08002246   0x00000002   PAD
    0x08002248   0x08002248   0x0000004c   Code   RO         4324    i.prvHeapInit       heap_4.o
    0x08002294   0x08002294   0x00000028   Code   RO         3660    i.prvIdleTask       tasks.o
    0x080022bc   0x080022bc   0x0000008e   Code   RO         3661    i.prvInitialiseNewTask  tasks.o
    0x0800234a   0x0800234a   0x00000002   PAD
    0x0800234c   0x0800234c   0x0000004c   Code   RO         4325    i.prvInsertBlockIntoFreeList  heap_4.o
    0x08002398   0x08002398   0x0000001c   Code   RO         3518    i.prvIsQueueEmpty   queue.o
    0x080023b4   0x080023b4   0x00000020   Code   RO         3662    i.prvResetNextTaskUnblockTime  tasks.o
    0x080023d4   0x080023d4   0x00000028   Code   RO         4375    i.prvTaskExitError  port.o
    0x080023fc   0x080023fc   0x0000006a   Code   RO         3519    i.prvUnlockQueue    queue.o
    0x08002466   0x08002466   0x00000002   PAD
    0x08002468   0x08002468   0x000000d8   Code   RO         4326    i.pvPortMalloc      heap_4.o
    0x08002540   0x08002540   0x00000018   Code   RO         3664    i.pvTaskIncrementMutexHeldCount  tasks.o
    0x08002558   0x08002558   0x0000002c   Code   RO         4376    i.pxPortInitialiseStack  port.o
    0x08002584   0x08002584   0x00000080   Code   RO           28    i.readDistance      main.o
    0x08002604   0x08002604   0x00000024   Code   RO         3479    i.uxListRemove      list.o
    0x08002628   0x08002628   0x00000016   Code   RO         3480    i.vListInitialise   list.o
    0x0800263e   0x0800263e   0x00000006   Code   RO         3481    i.vListInitialiseItem  list.o
    0x08002644   0x08002644   0x00000030   Code   RO         3482    i.vListInsert       list.o
    0x08002674   0x08002674   0x00000018   Code   RO         3483    i.vListInsertEnd    list.o
    0x0800268c   0x0800268c   0x00000040   Code   RO         4378    i.vPortEnterCritical  port.o
    0x080026cc   0x080026cc   0x00000028   Code   RO         4379    i.vPortExitCritical  port.o
    0x080026f4   0x080026f4   0x0000005c   Code   RO         4327    i.vPortFree         heap_4.o
    0x08002750   0x08002750   0x00000020   Code   RO         4380    i.vPortSetupTimerInterrupt  port.o
    0x08002770   0x08002770   0x0000004c   Code   RO         3670    i.vTaskDelay        tasks.o
    0x080027bc   0x080027bc   0x0000000c   Code   RO         3674    i.vTaskMissedYield  tasks.o
    0x080027c8   0x080027c8   0x00000030   Code   RO         3676    i.vTaskPlaceOnEventList  tasks.o
    0x080027f8   0x080027f8   0x00000084   Code   RO         3678    i.vTaskPriorityInherit  tasks.o
    0x0800287c   0x0800287c   0x00000024   Code   RO         3681    i.vTaskSetTimeOutState  tasks.o
    0x080028a0   0x080028a0   0x00000068   Code   RO         3682    i.vTaskStartScheduler  tasks.o
    0x08002908   0x08002908   0x00000010   Code   RO         3684    i.vTaskSuspendAll   tasks.o
    0x08002918   0x08002918   0x0000005c   Code   RO         3685    i.vTaskSwitchContext  tasks.o
    0x08002974   0x08002974   0x000000e0   Code   RO         4382    i.xPortStartScheduler  port.o
    0x08002a54   0x08002a54   0x00000024   Code   RO         3526    i.xQueueCreateMutex  queue.o
    0x08002a78   0x08002a78   0x00000048   Code   RO         3527    i.xQueueGenericCreate  queue.o
    0x08002ac0   0x08002ac0   0x0000016c   Code   RO         3528    i.xQueueGenericReceive  queue.o
    0x08002c2c   0x08002c2c   0x00000088   Code   RO         3529    i.xQueueGenericReset  queue.o
    0x08002cb4   0x08002cb4   0x00000160   Code   RO         3530    i.xQueueGenericSend  queue.o
    0x08002e14   0x08002e14   0x0000006c   Code   RO         3686    i.xTaskCheckForTimeOut  tasks.o
    0x08002e80   0x08002e80   0x00000056   Code   RO         3687    i.xTaskCreate       tasks.o
    0x08002ed6   0x08002ed6   0x00000002   PAD
    0x08002ed8   0x08002ed8   0x0000001c   Code   RO         3691    i.xTaskGetSchedulerState  tasks.o
    0x08002ef4   0x08002ef4   0x000000c8   Code   RO         3694    i.xTaskIncrementTick  tasks.o
    0x08002fbc   0x08002fbc   0x00000098   Code   RO         3697    i.xTaskPriorityDisinherit  tasks.o
    0x08003054   0x08003054   0x00000074   Code   RO         3698    i.xTaskRemoveFromEventList  tasks.o
    0x080030c8   0x080030c8   0x000000c4   Code   RO         3700    i.xTaskResumeAll    tasks.o
    0x0800318c   0x0800318c   0x00000010   Data   RO         3348    .constdata          system_stm32f4xx.o
    0x0800319c   0x0800319c   0x00000008   Data   RO         3349    .constdata          system_stm32f4xx.o
    0x080031a4   0x080031a4   0x00000020   Data   RO         4494    Region$$Table       anon$$obj.o


    Execution Region RW_IRAM1 (Exec base: 0x20000000, Load base: 0x080031c4, Size: 0x00004278, Max: 0x00020000, ABSOLUTE)

    Exec Addr    Load Addr    Size         Type   Attr      Idx    E Section Name        Object

    0x20000000   0x080031c4   0x0000000c   Data   RW           30    .data               main.o
    0x2000000c   0x080031d0   0x00000008   Data   RW          579    .data               speed.o
    0x20000014   0x080031d8   0x0000000c   Data   RW         3200    .data               stm32f4xx_hal.o
    0x20000020   0x080031e4   0x00000004   Data   RW         3350    .data               system_stm32f4xx.o
    0x20000024   0x080031e8   0x0000003c   Data   RW         3703    .data               tasks.o
    0x20000060   0x08003224   0x00000018   Data   RW         4332    .data               heap_4.o
    0x20000078   0x0800323c   0x0000000c   Data   RW         4383    .data               port.o
    0x20000084        -       0x000000c8   Zero   RW           29    .bss                main.o
    0x2000014c        -       0x0000003c   Zero   RW          472    .bss                stm32f4xx_hal_timebase_tim.o
    0x20000188        -       0x000000f0   Zero   RW         3702    .bss                tasks.o
    0x20000278        -       0x00003c00   Zero   RW         4331    .bss                heap_4.o
    0x20003e78        -       0x00000400   Zero   RW            1    STACK               startup_stm32f407xx.o


==============================================================================

Image component sizes


      Code (inc. data)   RO Data    RW Data    ZI Data      Debug   Object Name

        20          0          0          0          0      11412   cmsis_os.o
         0          0          0          0          0       9552   event_groups.o
       460         24          0         24      15360       4831   heap_4.o
       136          0          0          0          0       3602   list.o
         0          0          0          0          0       2572   lock.o
      1278        192          0         12        200     730049   main.o
       674         74          0         12          0      11136   port.o
      1240         14          0          0          0      11566   queue.o
       132          8          0          8          0       1649   speed.o
        36          8        392          0       1024        844   startup_stm32f407xx.o
        80         14          0         12          0       3298   stm32f4xx_hal.o
      1064         46          0          0          0       5266   stm32f4xx_hal_adc.o
       816          0          0          0          0      10235   stm32f4xx_hal_can.o
       154         14          0          0          0      29662   stm32f4xx_hal_cortex.o
       476         50          0          0          0       3762   stm32f4xx_hal_gpio.o
       380         42          0          0          0       3036   stm32f4xx_hal_msp.o
      1304         80          0          0          0       5762   stm32f4xx_hal_rcc.o
       128          0          0          0          0       1231   stm32f4xx_hal_spi.o
       638         44          0          0          0       7146   stm32f4xx_hal_tim.o
         4          0          0          0          0       1642   stm32f4xx_hal_tim_ex.o
       116         16          0          0         60       1427   stm32f4xx_hal_timebase_tim.o
        48         12          0          0          0       4684   stm32f4xx_it.o
        84         18         24          4          0       1183   system_stm32f4xx.o
      2060        172          0         60        240      22625   tasks.o

    ----------------------------------------------------------------------
     11350        828        448        132      16884     888172   Object Totals
         0          0         32          0          0          0   (incl. Generated)
        22          0          0          0          0          0   (incl. Padding)

    ----------------------------------------------------------------------

      Code (inc. data)   RO Data    RW Data    ZI Data      Debug   Library Member Name

         0          0          0          0          0          0   entry.o
         0          0          0          0          0          0   entry10a.o
         0          0          0          0          0          0   entry11a.o
         4          0          0          0          0          0   entry12b.o
         8          4          0          0          0          0   entry2.o
         4          0          0          0          0          0   entry5.o
         0          0          0          0          0          0   entry7b.o
         0          0          0          0          0          0   entry8b.o
         8          4          0          0          0          0   entry9a.o
        30          0          0          0          0          0   handlers.o
        36          8          0          0          0         68   init.o
         0          0          0          0          0          0   iusefp.o
        30          0          0          0          0         68   llshl.o
        32          0          0          0          0         68   llushr.o
        36          0          0          0          0         68   memcpya.o
        36          0          0          0          0        108   memseta.o
        98          0          0          0          0         92   uldiv.o
        56          0          0          0          0         88   d2f.o
       186          0          0          0          0        176   depilogue.o
       228          0          0          0          0         96   dmul.o
        38          0          0          0          0         68   f2d.o
       110          0          0          0          0        168   fepilogue.o

    ----------------------------------------------------------------------
       942         16          0          0          0       1068   Library Totals
         2          0          0          0          0          0   (incl. Padding)

    ----------------------------------------------------------------------

      Code (inc. data)   RO Data    RW Data    ZI Data      Debug   Library Name

       322         16          0          0          0        472   mc_w.l
       618          0          0          0          0        596   mf_w.l

    ----------------------------------------------------------------------
       942         16          0          0          0       1068   Library Totals

    ----------------------------------------------------------------------

==============================================================================


      Code (inc. data)   RO Data    RW Data    ZI Data      Debug   

     12292        844        448        132      16884     876528   Grand Totals
     12292        844        448        132      16884     876528   ELF Image Totals
     12292        844        448        132          0          0   ROM Totals

==============================================================================

    Total RO  Size (Code + RO Data)                12740 (  12.44kB)
    Total RW  Size (RW Data + ZI Data)             17016 (  16.62kB)
    Total ROM Size (Code + RO Data + RW Data)      12872 (  12.57kB)

==============================================================================

